Component: ARM Compiler 5.06 update 5 (build 528) Tool: armlink [4d35e2]

==============================================================================

Section Cross References

    system_stm32f4xx.o(i.SystemCoreClockUpdate) refers to system_stm32f4xx.o(.data) for SystemCoreClock
    system_stm32f4xx.o(i.SystemInit) refers to system_stm32f4xx.o(i.SetSysClock) for SetSysClock
    main.o(i.Delay) refers to main.o(.data) for uwTimingDelay
    main.o(i.System_Init) refers to gpio.o(i.M4_Gpio_Init) for M4_Gpio_Init
    main.o(i.System_Init) refers to uart.o(i.M4_Usart_Init) for M4_Usart_Init
    main.o(i.System_Init) refers to rcc.o(i.M4_Rcc_Init) for M4_Rcc_Init
    main.o(i.System_Init) refers to pwm.o(i.M4_Pwm_Init) for M4_Pwm_Init
    main.o(i.TimingDelay_Decrement) refers to main.o(.data) for uwTimingDelay
    main.o(i.main) refers to main.o(i.System_Init) for System_Init
    main.o(i.main) refers to main.o(i.Variable_Init) for Variable_Init
    main.o(i.main) refers to menu.o(i.PrintMenu) for PrintMenu
    main.o(i.main) refers to menu.o(i.System_Information) for System_Information
    main.o(i.main) refers to stm32f4xx_gpio.o(i.GPIO_WriteBit) for GPIO_WriteBit
    stm32f4xx_it.o(i.SysTick_Handler) refers to main.o(i.TimingDelay_Decrement) for TimingDelay_Decrement
    gpio.o(i.M4_Gpio_Init) refers to gpio.o(i.PA_AF_Config) for PA_AF_Config
    gpio.o(i.M4_Gpio_Init) refers to gpio.o(i.PB_AF_Config) for PB_AF_Config
    gpio.o(i.M4_Gpio_Init) refers to gpio.o(i.PC_AF_Config) for PC_AF_Config
    gpio.o(i.M4_Gpio_Init) refers to gpio.o(i.PD_AF_Config) for PD_AF_Config
    gpio.o(i.M4_Gpio_Init) refers to gpio.o(i.PE_AF_Config) for PE_AF_Config
    gpio.o(i.M4_Gpio_Init) refers to gpio.o(i.PA_Init) for PA_Init
    gpio.o(i.M4_Gpio_Init) refers to gpio.o(i.PB_Init) for PB_Init
    gpio.o(i.M4_Gpio_Init) refers to gpio.o(i.PC_Init) for PC_Init
    gpio.o(i.M4_Gpio_Init) refers to gpio.o(i.PD_Init) for PD_Init
    gpio.o(i.M4_Gpio_Init) refers to gpio.o(i.PE_Init) for PE_Init
    gpio.o(i.PA_AF_Config) refers to stm32f4xx_gpio.o(i.GPIO_PinAFConfig) for GPIO_PinAFConfig
    gpio.o(i.PA_Init) refers to stm32f4xx_rcc.o(i.RCC_AHB1PeriphClockCmd) for RCC_AHB1PeriphClockCmd
    gpio.o(i.PA_Init) refers to stm32f4xx_gpio.o(i.GPIO_Init) for GPIO_Init
    gpio.o(i.PB_AF_Config) refers to stm32f4xx_gpio.o(i.GPIO_PinAFConfig) for GPIO_PinAFConfig
    gpio.o(i.PB_Init) refers to stm32f4xx_rcc.o(i.RCC_AHB1PeriphClockCmd) for RCC_AHB1PeriphClockCmd
    gpio.o(i.PB_Init) refers to stm32f4xx_gpio.o(i.GPIO_Init) for GPIO_Init
    gpio.o(i.PC_AF_Config) refers to stm32f4xx_gpio.o(i.GPIO_PinAFConfig) for GPIO_PinAFConfig
    gpio.o(i.PC_Init) refers to stm32f4xx_rcc.o(i.RCC_AHB1PeriphClockCmd) for RCC_AHB1PeriphClockCmd
    gpio.o(i.PC_Init) refers to stm32f4xx_gpio.o(i.GPIO_Init) for GPIO_Init
    gpio.o(i.PD_Init) refers to stm32f4xx_rcc.o(i.RCC_AHB1PeriphClockCmd) for RCC_AHB1PeriphClockCmd
    gpio.o(i.PD_Init) refers to stm32f4xx_gpio.o(i.GPIO_Init) for GPIO_Init
    gpio.o(i.PE_AF_Config) refers to stm32f4xx_gpio.o(i.GPIO_PinAFConfig) for GPIO_PinAFConfig
    gpio.o(i.PE_Init) refers to stm32f4xx_rcc.o(i.RCC_AHB1PeriphClockCmd) for RCC_AHB1PeriphClockCmd
    gpio.o(i.PE_Init) refers to stm32f4xx_gpio.o(i.GPIO_Init) for GPIO_Init
    gpio.o(.data) refers to gpio.o(i.PA_Init) for PA_Init
    gpio.o(.data) refers to gpio.o(i.PB_Init) for PB_Init
    gpio.o(.data) refers to gpio.o(i.PC_Init) for PC_Init
    gpio.o(.data) refers to gpio.o(i.PD_Init) for PD_Init
    gpio.o(.data) refers to gpio.o(i.PE_Init) for PE_Init
    gpio.o(.data) refers to gpio.o(i.PA_AF_Config) for PA_AF_Config
    gpio.o(.data) refers to gpio.o(i.PB_AF_Config) for PB_AF_Config
    gpio.o(.data) refers to gpio.o(i.PC_AF_Config) for PC_AF_Config
    gpio.o(.data) refers to gpio.o(i.PD_AF_Config) for PD_AF_Config
    gpio.o(.data) refers to gpio.o(i.PE_AF_Config) for PE_AF_Config
    timer.o(i.M4_Timer_Init) refers to uart.o(i.TxPrintf) for TxPrintf
    timer.o(i.TIM10_Configuration) refers to stm32f4xx_rcc.o(i.RCC_APB2PeriphClockCmd) for RCC_APB2PeriphClockCmd
    timer.o(i.TIM10_Configuration) refers to stm32f4xx_tim.o(i.TIM_TimeBaseInit) for TIM_TimeBaseInit
    timer.o(i.TIM10_Configuration) refers to misc.o(i.NVIC_Init) for NVIC_Init
    timer.o(i.TIM10_Configuration) refers to stm32f4xx_tim.o(i.TIM_ITConfig) for TIM_ITConfig
    timer.o(i.TIM10_Configuration) refers to stm32f4xx_tim.o(i.TIM_Cmd) for TIM_Cmd
    timer.o(i.TIM11_Configuration) refers to stm32f4xx_rcc.o(i.RCC_APB2PeriphClockCmd) for RCC_APB2PeriphClockCmd
    timer.o(i.TIM11_Configuration) refers to stm32f4xx_tim.o(i.TIM_TimeBaseInit) for TIM_TimeBaseInit
    timer.o(i.TIM11_Configuration) refers to misc.o(i.NVIC_Init) for NVIC_Init
    timer.o(i.TIM11_Configuration) refers to stm32f4xx_tim.o(i.TIM_ITConfig) for TIM_ITConfig
    timer.o(i.TIM11_Configuration) refers to stm32f4xx_tim.o(i.TIM_Cmd) for TIM_Cmd
[...]
    User\\src\\menu.c                        0x00000000   Number         0  menu.o ABSOLUTE
    User\\src\\pwm.c                         0x00000000   Number         0  pwm.o ABSOLUTE
    User\\src\\rcc.c                         0x00000000   Number         0  rcc.o ABSOLUTE
    User\\src\\stm32f4xx_it.c                0x00000000   Number         0  stm32f4xx_it.o ABSOLUTE
    User\\src\\timer.c                       0x00000000   Number         0  timer.o ABSOLUTE
    User\\src\\uart.c                        0x00000000   Number         0  uart.o ABSOLUTE
    User\src\gpio.c                          0x00000000   Number         0  gpio.o ABSOLUTE
    User\src\main.c                          0x00000000   Number         0  main.o ABSOLUTE
    User\src\menu.c                          0x00000000   Number         0  menu.o ABSOLUTE
    User\src\pwm.c                           0x00000000   Number         0  pwm.o ABSOLUTE
    User\src\rcc.c                           0x00000000   Number         0  rcc.o ABSOLUTE
    User\src\stm32f4xx_it.c                  0x00000000   Number         0  stm32f4xx_it.o ABSOLUTE
    User\src\timer.c                         0x00000000   Number         0  timer.o ABSOLUTE
    User\src\uart.c                          0x00000000   Number         0  uart.o ABSOLUTE
    dc.s                                     0x00000000   Number         0  dc.o ABSOLUTE
    RESET                                    0x08000000   Section      392  startup_stm32f40_41xxx.o(RESET)
    !!!main                                  0x08000188   Section        8  __main.o(!!!main)
    !!!scatter                               0x08000190   Section       52  __scatter.o(!!!scatter)
    !!handler_copy                           0x080001c4   Section       26  __scatter_copy.o(!!handler_copy)
    !!handler_zi                             0x080001e0   Section       28  __scatter_zi.o(!!handler_zi)
    .ARM.Collect$$_printf_percent$$00000000  0x080001fc   Section        0  _printf_percent.o(.ARM.Collect$$_printf_percent$$00000000)
    .ARM.Collect$$_printf_percent$$00000001  0x080001fc   Section        6  _printf_n.o(.ARM.Collect$$_printf_percent$$00000001)
    .ARM.Collect$$_printf_percent$$00000002  0x08000202   Section        6  _printf_p.o(.ARM.Collect$$_printf_percent$$00000002)
    .ARM.Collect$$_printf_percent$$00000003  0x08000208   Section        6  _printf_f.o(.ARM.Collect$$_printf_percent$$00000003)
    .ARM.Collect$$_printf_percent$$00000004  0x0800020e   Section        6  _printf_e.o(.ARM.Collect$$_printf_percent$$00000004)
    .ARM.Collect$$_printf_percent$$00000005  0x08000214   Section        6  _printf_g.o(.ARM.Collect$$_printf_percent$$00000005)
    .ARM.Collect$$_printf_percent$$00000006  0x0800021a   Section        6  _printf_a.o(.ARM.Collect$$_printf_percent$$00000006)
    .ARM.Collect$$_printf_percent$$00000007  0x08000220   Section       10  _printf_ll.o(.ARM.Collect$$_printf_percent$$00000007)
    .ARM.Collect$$_printf_percent$$00000008  0x0800022a   Section        6  _printf_i.o(.ARM.Collect$$_printf_percent$$00000008)
    .ARM.Collect$$_printf_percent$$00000009  0x08000230   Section        6  _printf_d.o(.ARM.Collect$$_printf_percent$$00000009)
    .ARM.Collect$$_printf_percent$$0000000A  0x08000236   Section        6  _printf_u.o(.ARM.Collect$$_printf_percent$$0000000A)
    .ARM.Collect$$_printf_percent$$0000000B  0x0800023c   Section        6  _printf_o.o(.ARM.Collect$$_printf_percent$$0000000B)
    .ARM.Collect$$_printf_percent$$0000000C  0x08000242   Section        6  _printf_x.o(.ARM.Collect$$_printf_percent$$0000000C)
    .ARM.Collect$$_printf_percent$$0000000D  0x08000248   Section        6  _printf_lli.o(.ARM.Collect$$_printf_percent$$0000000D)
    .ARM.Collect$$_printf_percent$$0000000E  0x0800024e   Section        6  _printf_lld.o(.ARM.Collect$$_printf_percent$$0000000E)
    .ARM.Collect$$_printf_percent$$0000000F  0x08000254   Section        6  _printf_llu.o(.ARM.Collect$$_printf_percent$$0000000F)
    .ARM.Collect$$_printf_percent$$00000010  0x0800025a   Section        6  _printf_llo.o(.ARM.Collect$$_printf_percent$$00000010)
    .ARM.Collect$$_printf_percent$$00000011  0x08000260   Section        6  _printf_llx.o(.ARM.Collect$$_printf_percent$$00000011)
    .ARM.Collect$$_printf_percent$$00000012  0x08000266   Section       10  _printf_l.o(.ARM.Collect$$_printf_percent$$00000012)
    .ARM.Collect$$_printf_percent$$00000013  0x08000270   Section        6  _printf_c.o(.ARM.Collect$$_printf_percent$$00000013)
    .ARM.Collect$$_printf_percent$$00000014  0x08000276   Section        6  _printf_s.o(.ARM.Collect$$_printf_percent$$00000014)
    .ARM.Collect$$_printf_percent$$00000015  0x0800027c   Section        6  _printf_lc.o(.ARM.Collect$$_printf_percent$$00000015)
    .ARM.Collect$$_printf_percent$$00000016  0x08000282   Section        6  _printf_ls.o(.ARM.Collect$$_printf_percent$$00000016)
    .ARM.Collect$$_printf_percent$$00000017  0x08000288   Section        4  _printf_percent_end.o(.ARM.Collect$$_printf_percent$$00000017)
    .ARM.Collect$$libinit$$00000000          0x0800028c   Section        2  libinit.o(.ARM.Collect$$libinit$$00000000)
    .ARM.Collect$$libinit$$00000001          0x0800028e   Section        4  libinit2.o(.ARM.Collect$$libinit$$00000001)
    .ARM.Collect$$libinit$$00000004          0x08000292   Section        0  libinit2.o(.ARM.Collect$$libinit$$00000004)
    .ARM.Collect$$libinit$$0000000A          0x08000292   Section        0  libinit2.o(.ARM.Collect$$libinit$$0000000A)
    .ARM.Collect$$libinit$$0000000C          0x08000292   Section        0  libinit2.o(.ARM.Collect$$libinit$$0000000C)
    .ARM.Collect$$libinit$$0000000E          0x08000292   Section        0  libinit2.o(.ARM.Collect$$libinit$$0000000E)
    .ARM.Collect$$libinit$$0000000F          0x08000292   Section        6  libinit2.o(.ARM.Collect$$libinit$$0000000F)
    .ARM.Collect$$libinit$$00000011          0x08000298   Section        0  libinit2.o(.ARM.Collect$$libinit$$00000011)
    .ARM.Collect$$libinit$$00000012          0x08000298   Section       12  libinit2.o(.ARM.Collect$$libinit$$00000012)
    .ARM.Collect$$libinit$$00000013          0x080002a4   Section        0  libinit2.o(.ARM.Collect$$libinit$$00000013)
    .ARM.Collect$$libinit$$00000015          0x080002a4   Section        0  libinit2.o(.ARM.Collect$$libinit$$00000015)
    .ARM.Collect$$libinit$$00000016          0x080002a4   Section       10  libinit2.o(.ARM.Collect$$libinit$$00000016)
    .ARM.Collect$$libinit$$00000017          0x080002ae   Section        0  libinit2.o(.ARM.Collect$$libinit$$00000017)
    .ARM.Collect$$libinit$$00000019          0x080002ae   Section        0  libinit2.o(.ARM.Collect$$libinit$$00000019)
    .ARM.Collect$$libinit$$0000001B          0x080002ae   Section        0  libinit2.o(.ARM.Collect$$libinit$$0000001B)
    .ARM.Collect$$libinit$$0000001D          0x080002ae   Section        0  libinit2.o(.ARM.Collect$$libinit$$0000001D)
    .ARM.Collect$$libinit$$0000001F          0x080002ae   Section        0  libinit2.o(.ARM.Collect$$libinit$$0000001F)
    .ARM.Collect$$libinit$$00000021          0x080002ae   Section        0  libinit2.o(.ARM.Collect$$libinit$$00000021)
    .ARM.Collect$$libinit$$00000023          0x080002ae   Section        0  libinit2.o(.ARM.Collect$$libinit$$00000023)
    .ARM.Collect$$libinit$$00000025          0x080002ae   Section        0  libinit2.o(.ARM.Collect$$libinit$$00000025)
    .ARM.Collect$$libinit$$0000002C          0x080002ae   Section        0  libinit2.o(.ARM.Collect$$libinit$$0000002C)
    .ARM.Collect$$libinit$$0000002E          0x080002ae   Section        0  libinit2.o(.ARM.Collect$$libinit$$0000002E)
    .ARM.Collect$$libinit$$00000030          0x080002ae   Section        0  libinit2.o(.ARM.Collect$$libinit$$00000030)
    .ARM.Collect$$libinit$$00000032          0x080002ae   Section        0  libinit2.o(.ARM.Collect$$libinit$$00000032)
    .ARM.Collect$$libinit$$00000033          0x080002ae   Section        2  libinit2.o(.ARM.Collect$$libinit$$00000033)
    .ARM.Collect$$libshutdown$$00000000      0x080002b0   Section        2  libshutdown.o(.ARM.Collect$$libshutdown$$00000000)
    .ARM.Collect$$libshutdown$$00000002      0x080002b2   Section        0  libshutdown2.o(.ARM.Collect$$libshutdown$$00000002)
    .ARM.Collect$$libshutdown$$00000004      0x080002b2   Section        0  libshutdown2.o(.ARM.Collect$$libshutdown$$00000004)
    .ARM.Collect$$libshutdown$$00000007      0x080002b2   Section        0  libshutdown2.o(.ARM.Collect$$libshutdown$$00000007)
    .ARM.Collect$$libshutdown$$0000000A      0x080002b2   Section        0  libshutdown2.o(.ARM.Collect$$libshutdown$$0000000A)
    .ARM.Collect$$libshutdown$$0000000C      0x080002b2   Section        0  libshutdown2.o(.ARM.Collect$$libshutdown$$0000000C)
    .ARM.Collect$$libshutdown$$0000000F      0x080002b2   Section        0  libshutdown2.o(.ARM.Collect$$libshutdown$$0000000F)
    .ARM.Collect$$libshutdown$$00000010      0x080002b2   Section        2  libshutdown2.o(.ARM.Collect$$libshutdown$$00000010)
    .ARM.Collect$$rtentry$$00000000          0x080002b4   Section        0  __rtentry.o(.ARM.Collect$$rtentry$$00000000)
    .ARM.Collect$$rtentry$$00000002          0x080002b4   Section        0  __rtentry2.o(.ARM.Collect$$rtentry$$00000002)
    .ARM.Collect$$rtentry$$00000004          0x080002b4   Section        6  __rtentry4.o(.ARM.Collect$$rtentry$$00000004)
    .ARM.Collect$$rtentry$$00000009          0x080002ba   Section        0  __rtentry2.o(.ARM.Collect$$rtentry$$00000009)
    .ARM.Collect$$rtentry$$0000000A          0x080002ba   Section        4  __rtentry2.o(.ARM.Collect$$rtentry$$0000000A)
    .ARM.Collect$$rtentry$$0000000C          0x080002be   Section        0  __rtentry2.o(.ARM.Collect$$rtentry$$0000000C)
    .ARM.Collect$$rtentry$$0000000D          0x080002be   Section        8  __rtentry2.o(.ARM.Collect$$rtentry$$0000000D)
    .ARM.Collect$$rtexit$$00000000           0x080002c6   Section        2  rtexit.o(.ARM.Collect$$rtexit$$00000000)
    .ARM.Collect$$rtexit$$00000002           0x080002c8   Section        0  rtexit2.o(.ARM.Collect$$rtexit$$00000002)
    .ARM.Collect$$rtexit$$00000003           0x080002c8   Section        4  rtexit2.o(.ARM.Collect$$rtexit$$00000003)
    .ARM.Collect$$rtexit$$00000004           0x080002cc   Section        6  rtexit2.o(.ARM.Collect$$rtexit$$00000004)
    .text                                    0x080002d4   Section       64  startup_stm32f40_41xxx.o(.text)
    $v0                                      0x080002d4   Number         0  startup_stm32f40_41xxx.o(.text)
    .text                                    0x08000314   Section        0  vsprintf.o(.text)
    .text                                    0x08000338   Section        0  heapauxi.o(.text)
    .text                                    0x0800033e   Section        0  _printf_pad.o(.text)
    .text                                    0x0800038c   Section        0  _printf_truncate.o(.text)
    .text                                    0x080003b0   Section        0  _printf_str.o(.text)
    .text                                    0x08000404   Section        0  _printf_dec.o(.text)
    .text                                    0x0800047c   Section        0  _printf_charcount.o(.text)
    .text                                    0x080004a4   Section        0  _printf_char_common.o(.text)
    _printf_input_char                       0x080004a5   Thumb Code    10  _printf_char_common.o(.text)
    .text                                    0x080004d4   Section        0  _sputc.o(.text)
    .text                                    0x080004e0   Section        0  _printf_wctomb.o(.text)
    .text                                    0x0800059c   Section        0  _printf_longlong_dec.o(.text)
    .text                                    0x08000618   Section        0  _printf_oct_int_ll.o(.text)
    _printf_longlong_oct_internal            0x08000619   Thumb Code     0  _printf_oct_int_ll.o(.text)
    .text                                    0x08000688   Section        0  _printf_hex_int_ll_ptr.o(.text)
    _printf_hex_common                       0x08000689   Thumb Code     0  _printf_hex_int_ll_ptr.o(.text)
    .text                                    0x0800071c   Section        0  __printf_flags_ss_wp.o(.text)
    .text                                    0x080008a4   Section      138  lludiv10.o(.text)
    .text                                    0x0800092e   Section        0  _printf_intcommon.o(.text)
    .text                                    0x080009e0   Section        0  _printf_fp_dec.o(.text)
    _fp_digits                               0x080009e3   Thumb Code   432  _printf_fp_dec.o(.text)
    .text                                    0x08000e00   Section        0  _printf_fp_hex.o(.text)
    .text                                    0x080010fc   Section        0  _printf_char.o(.text)
    .text                                    0x08001128   Section        0  _printf_wchar.o(.text)
    .text                                    0x08001154   Section        0  _wcrtomb.o(.text)
    .text                                    0x08001194   Section       74  sys_stackheap_outer.o(.text)
    .text                                    0x080011e0   Section       16  rt_ctype_table.o(.text)
    .text                                    0x080011f0   Section        8  rt_locale_intlibspace.o(.text)
    .text                                    0x080011f8   Section        0  _printf_fp_infnan.o(.text)
    .text                                    0x08001278   Section        0  bigflt0.o(.text)
    .text                                    0x0800135c   Section        0  exit.o(.text)
    .text                                    0x08001370   Section        8  libspace.o(.text)
    .text                                    0x08001378   Section      128  strcmpv7m.o(.text)
    .text                                    0x080013f8   Section        0  sys_exit.o(.text)
    .text                                    0x08001404   Section        2  use_no_semi.o(.text)
    .text                                    0x08001406   Section        0  indicate_semi.o(.text)
    CL$$btod_d2e                             0x08001406   Section       62  btod.o(CL$$btod_d2e)
    CL$$btod_d2e_denorm_low                  0x08001444   Section       70  btod.o(CL$$btod_d2e_denorm_low)
    CL$$btod_d2e_norm_op1                    0x0800148a   Section       96  btod.o(CL$$btod_d2e_norm_op1)
    CL$$btod_div_common                      0x080014ea   Section      824  btod.o(CL$$btod_div_common)
    CL$$btod_e2e                             0x08001822   Section      220  btod.o(CL$$btod_e2e)
    CL$$btod_ediv                            0x080018fe   Section       42  btod.o(CL$$btod_ediv)
    CL$$btod_emul                            0x08001928   Section       42  btod.o(CL$$btod_emul)
    CL$$btod_mult_common                     0x08001952   Section      580  btod.o(CL$$btod_mult_common)
    i.BusFault_Handler                       0x08001b96   Section        0  stm32f4xx_it.o(i.BusFault_Handler)
    i.DebugMon_Handler                       0x08001b9a   Section        0  stm32f4xx_it.o(i.DebugMon_Handler)
    i.GPIO_Init                              0x08001b9c   Section        0  stm32f4xx_gpio.o(i.GPIO_Init)
    i.GPIO_PinAFConfig                       0x08001c2c   Section        0  stm32f4xx_gpio.o(i.GPIO_PinAFConfig)
    i.GPIO_WriteBit                          0x08001c72   Section        0  stm32f4xx_gpio.o(i.GPIO_WriteBit)
    i.HardFault_Handler                      0x08001c7c   Section        0  stm32f4xx_it.o(i.HardFault_Handler)
    i.M4_Gpio_Init                           0x08001c80   Section        0  gpio.o(i.M4_Gpio_Init)
    i.M4_Pwm_Init                            0x08001cb0   Section        0  pwm.o(i.M4_Pwm_Init)
    i.M4_Rcc_Init                            0x08001cd8   Section        0  rcc.o(i.M4_Rcc_Init)
    i.M4_Usart_Init                          0x08001cfc   Section        0  uart.o(i.M4_Usart_Init)
    i.MemManage_Handler                      0x08001da4   Section        0  stm32f4xx_it.o(i.MemManage_Handler)
    i.NMI_Handler                            0x08001da8   Section        0  stm32f4xx_it.o(i.NMI_Handler)
    i.PA_AF_Config                           0x08001dac   Section        0  gpio.o(i.PA_AF_Config)
    PA_AF_Config                             0x08001dad   Thumb Code    34  gpio.o(i.PA_AF_Config)
    i.PA_Init                                0x08001dd4   Section        0  gpio.o(i.PA_Init)
    PA_Init                                  0x08001dd5   Thumb Code   372  gpio.o(i.PA_Init)
    i.PB_AF_Config                           0x08001f4c   Section        0  gpio.o(i.PB_AF_Config)
    PB_AF_Config                             0x08001f4d   Thumb Code   124  gpio.o(i.PB_AF_Config)
    i.PB_Init                                0x08001fcc   Section        0  gpio.o(i.PB_Init)
    PB_Init                                  0x08001fcd   Thumb Code   450  gpio.o(i.PB_Init)
    i.PC_AF_Config                           0x08002194   Section        0  gpio.o(i.PC_AF_Config)
    PC_AF_Config                             0x08002195   Thumb Code    44  gpio.o(i.PC_AF_Config)
    i.PC_Init                                0x080021c4   Section        0  gpio.o(i.PC_Init)
    PC_Init                                  0x080021c5   Thumb Code   376  gpio.o(i.PC_Init)
    i.PD_AF_Config                           0x08002340   Section        0  gpio.o(i.PD_AF_Config)
    PD_AF_Config                             0x08002341   Thumb Code     2  gpio.o(i.PD_AF_Config)
    i.PD_Init                                0x08002344   Section        0  gpio.o(i.PD_Init)
    PD_Init                                  0x08002345   Thumb Code   486  gpio.o(i.PD_Init)
    i.PE_AF_Config                           0x08002530   Section        0  gpio.o(i.PE_AF_Config)
    PE_AF_Config                             0x08002531   Thumb Code    44  gpio.o(i.PE_AF_Config)
    i.PE_Init                                0x08002560   Section        0  gpio.o(i.PE_Init)
    PE_Init                                  0x08002561   Thumb Code   430  gpio.o(i.PE_Init)
    i.PendSV_Handler                         0x08002714   Section        0  stm32f4xx_it.o(i.PendSV_Handler)
    i.PrintMenu                              0x08002718   Section        0  menu.o(i.PrintMenu)
    i.RCC_AHB1PeriphClockCmd                 0x080027d0   Section        0  stm32f4xx_rcc.o(i.RCC_AHB1PeriphClockCmd)
    i.RCC_APB1PeriphClockCmd                 0x080027f0   Section        0  stm32f4xx_rcc.o(i.RCC_APB1PeriphClockCmd)
    i.RCC_GetClocksFreq                      0x08002810   Section        0  stm32f4xx_rcc.o(i.RCC_GetClocksFreq)
    i.SVC_Handler                            0x080028f8   Section        0  stm32f4xx_it.o(i.SVC_Handler)
    i.SetSysClock                            0x080028fc   Section        0  system_stm32f4xx.o(i.SetSysClock)
    SetSysClock                              0x080028fd   Thumb Code   220  system_stm32f4xx.o(i.SetSysClock)
    i.SysTick_Handler                        0x080029e8   Section        0  stm32f4xx_it.o(i.SysTick_Handler)
    i.SystemInit                             0x080029f0   Section        0  system_stm32f4xx.o(i.SystemInit)
    i.System_Information                     0x08002a58   Section        0  menu.o(i.System_Information)
    i.System_Init                            0x08002b10   Section        0  main.o(i.System_Init)
    i.TIM1_BRK_TIM9_IRQHandler               0x08002b24   Section        0  timer.o(i.TIM1_BRK_TIM9_IRQHandler)
    i.TIM1_CC_IRQHandler                     0x08002b40   Section        0  timer.o(i.TIM1_CC_IRQHandler)
    i.TIM1_TRG_COM_TIM11_IRQHandler          0x08002b5c   Section        0  timer.o(i.TIM1_TRG_COM_TIM11_IRQHandler)
    i.TIM1_UP_TIM10_IRQHandler               0x08002b78   Section        0  timer.o(i.TIM1_UP_TIM10_IRQHandler)
    i.TIM2_IRQHandler                        0x08002b94   Section        0  timer.o(i.TIM2_IRQHandler)
    i.TIM3_IRQHandler                        0x08002bac   Section        0  timer.o(i.TIM3_IRQHandler)
    i.TIM3_PWM_Configuration                 0x08002bc8   Section        0  pwm.o(i.TIM3_PWM_Configuration)
    i.TIM4_IRQHandler                        0x08002c78   Section        0  timer.o(i.TIM4_IRQHandler)
    i.TIM5_IRQHandler                        0x08002c94   Section        0  timer.o(i.TIM5_IRQHandler)
    i.TIM6_DAC_IRQHandler                    0x08002cb8   Section        0  timer.o(i.TIM6_DAC_IRQHandler)
    i.TIM7_IRQHandler                        0x08002cd4   Section        0  timer.o(i.TIM7_IRQHandler)
    i.TIM8_BRK_TIM12_IRQHandler              0x08002cf0   Section        0  timer.o(i.TIM8_BRK_TIM12_IRQHandler)
    i.TIM8_CC_IRQHandler                     0x08002d10   Section        0  timer.o(i.TIM8_CC_IRQHandler)
    i.TIM8_TRG_COM_TIM14_IRQHandler          0x08002d2c   Section        0  timer.o(i.TIM8_TRG_COM_TIM14_IRQHandler)
    i.TIM8_UP_TIM13_IRQHandler               0x08002d3c   Section        0  timer.o(i.TIM8_UP_TIM13_IRQHandler)
    i.TIM_ARRPreloadConfig                   0x08002d58   Section        0  stm32f4xx_tim.o(i.TIM_ARRPreloadConfig)
    i.TIM_ClearITPendingBit                  0x08002d70   Section        0  stm32f4xx_tim.o(i.TIM_ClearITPendingBit)
    i.TIM_Cmd                                0x08002d76   Section        0  stm32f4xx_tim.o(i.TIM_Cmd)
    i.TIM_GetITStatus                        0x08002d8e   Section        0  stm32f4xx_tim.o(i.TIM_GetITStatus)
    i.TIM_OC1Init                            0x08002db0   Section        0  stm32f4xx_tim.o(i.TIM_OC1Init)
    i.TIM_OC1PreloadConfig                   0x08002e2c   Section        0  stm32f4xx_tim.o(i.TIM_OC1PreloadConfig)
    i.TIM_TimeBaseInit                       0x08002e40   Section        0  stm32f4xx_tim.o(i.TIM_TimeBaseInit)
    i.TimingDelay_Decrement                  0x08002ec4   Section        0  main.o(i.TimingDelay_Decrement)
    i.TxPrintf                               0x08002edc   Section        0  uart.o(i.TxPrintf)
    i.UART4_SendData                         0x08002f04   Section        0  uart.o(i.UART4_SendData)
    UART4_SendData                           0x08002f05   Thumb Code    30  uart.o(i.UART4_SendData)
    i.UART4_SendString                       0x08002f28   Section        0  uart.o(i.UART4_SendString)
    UART4_SendString                         0x08002f29   Thumb Code    34  uart.o(i.UART4_SendString)
    i.USART_Cmd                              0x08002f4a   Section        0  stm32f4xx_usart.o(i.USART_Cmd)
    i.USART_GetFlagStatus                    0x08002f62   Section        0  stm32f4xx_usart.o(i.USART_GetFlagStatus)
    i.USART_Init                             0x08002f7c   Section        0  stm32f4xx_usart.o(i.USART_Init)
    i.UsageFault_Handler                     0x08003050   Section        0  stm32f4xx_it.o(i.UsageFault_Handler)
    i.Variable_Init                          0x08003054   Section        0  main.o(i.Variable_Init)
    i.__ARM_fpclassify                       0x08003056   Section        0  fpclassify.o(i.__ARM_fpclassify)
    i._is_digit                              0x08003086   Section        0  __printf_wp.o(i._is_digit)
    i.main                                   0x08003094   Section        0  main.o(i.main)
    locale$$code                             0x08003144   Section       44  lc_numeric_c.o(locale$$code)
    locale$$code                             0x08003170   Section       44  lc_ctype_c.o(locale$$code)
    x$fpl$fpinit                             0x0800319c   Section       10  fpinit.o(x$fpl$fpinit)
    $v0                                      0x0800319c   Number         0  fpinit.o(x$fpl$fpinit)
    x$fpl$printf1                            0x080031a6   Section        4  printf1.o(x$fpl$printf1)
    $v0                                      0x080031a6   Number         0  printf1.o(x$fpl$printf1)
    x$fpl$printf2                            0x080031aa   Section        4  printf2.o(x$fpl$printf2)
    $v0                                      0x080031aa   Number         0  printf2.o(x$fpl$printf2)
    x$fpl$usenofp                            0x080031ae   Section        0  usenofp.o(x$fpl$usenofp)
    .constdata                               0x080031b0   Section        8  _printf_wctomb.o(.constdata)
    initial_mbstate                          0x080031b0   Data           8  _printf_wctomb.o(.constdata)
    .constdata                               0x080031b8   Section       40  _printf_hex_int_ll_ptr.o(.constdata)
    uc_hextab                                0x080031b8   Data          20  _printf_hex_int_ll_ptr.o(.constdata)
    lc_hextab                                0x080031cc   Data          20  _printf_hex_int_ll_ptr.o(.constdata)
    .constdata                               0x080031e0   Section       17  __printf_flags_ss_wp.o(.constdata)
    maptable                                 0x080031e0   Data          17  __printf_flags_ss_wp.o(.constdata)
    .constdata                               0x080031f1   Section       38  _printf_fp_hex.o(.constdata)
    lc_hextab                                0x080031f1   Data          19  _printf_fp_hex.o(.constdata)
    uc_hextab                                0x08003204   Data          19  _printf_fp_hex.o(.constdata)
    .constdata                               0x08003218   Section      148  bigflt0.o(.constdata)
    tenpwrs_x                                0x08003218   Data          60  bigflt0.o(.constdata)
    tenpwrs_i                                0x08003254   Data          64  bigflt0.o(.constdata)
    locale$$data                             0x080032cc   Section       28  lc_numeric_c.o(locale$$data)
    __lcnum_c_name                           0x080032d0   Data           2  lc_numeric_c.o(locale$$data)
    __lcnum_c_start                          0x080032d8   Data           0  lc_numeric_c.o(locale$$data)
    __lcnum_c_point                          0x080032e4   Data           0  lc_numeric_c.o(locale$$data)
    __lcnum_c_thousands                      0x080032e6   Data           0  lc_numeric_c.o(locale$$data)
    __lcnum_c_grouping                       0x080032e7   Data           0  lc_numeric_c.o(locale$$data)
    locale$$data                             0x080032e8   Section      272  lc_ctype_c.o(locale$$data)
    __lcnum_c_end                            0x080032e8   Data           0  lc_numeric_c.o(locale$$data)
    __lcctype_c_name                         0x080032ec   Data           2  lc_ctype_c.o(locale$$data)
    __lcctype_c_start                        0x080032f4   Data           0  lc_ctype_c.o(locale$$data)
    __lcctype_c_end                          0x080033f8   Data           0  lc_ctype_c.o(locale$$data)
    .data                                    0x20000000   Section        8  main.o(.data)
    uwTimingDelay                            0x20000004   Data           4  main.o(.data)
    .data                                    0x20000008   Section        1  timer.o(.data)
    .data                                    0x20000009   Section       16  stm32f4xx_rcc.o(.data)
    APBAHBPrescTable                         0x20000009   Data          16  stm32f4xx_rcc.o(.data)
    .bss                                     0x2000001c   Section      128  uart.o(.bss)
    Buff                                     0x2000001c   Data         128  uart.o(.bss)
    .bss                                     0x2000009c   Section       96  libspace.o(.bss)
    HEAP                                     0x20000100   Section      512  startup_stm32f40_41xxx.o(HEAP)
    Heap_Mem                                 0x20000100   Data         512  startup_stm32f40_41xxx.o(HEAP)
    STACK                                    0x20000300   Section     1024  startup_stm32f40_41xxx.o(STACK)
    Stack_Mem                                0x20000300   Data        1024  startup_stm32f40_41xxx.o(STACK)
    __initial_sp                             0x20000700   Data           0  startup_stm32f40_41xxx.o(STACK)

    Global Symbols

    Symbol Name                              Value     Ov Type        Size  Object(Section)

    BuildAttributes$$THM_ISAv4$E$P$D$K$B$S$7EM$VFPi3$EXTD16$VFPS$VFMA$PE$A:L22UL41UL21$X:L11$S22US41US21$IEEE1$IW$USESV6$~STKCKD$USESV7$~SHL$OTIME$ROPI$IEEEJ$EBA8$UX$STANDARDLIB$REQ8$PRES8$EABIv2 0x00000000   Number         0  anon$$obj.o ABSOLUTE
    __ARM_use_no_argv                        0x00000000   Number         0  main.o ABSOLUTE
    _printf_flags                            0x00000000   Number         0  printf_stubs.o ABSOLUTE
    _printf_return_value                     0x00000000   Number         0  printf_stubs.o ABSOLUTE
    _printf_sizespec                         0x00000000   Number         0  printf_stubs.o ABSOLUTE
    _printf_widthprec                        0x00000000   Number         0  printf_stubs.o ABSOLUTE
    __ARM_exceptions_init                     - Undefined Weak Reference
    __alloca_initialize                       - Undefined Weak Reference
    __arm_preinit_                            - Undefined Weak Reference
    __cpp_initialize__aeabi_                  - Undefined Weak Reference
    __cxa_finalize                            - Undefined Weak Reference
    __sigvec_lookup                           - Undefined Weak Reference
    _atexit_init                              - Undefined Weak Reference
    _call_atexit_fns                          - Undefined Weak Reference
    _clock_init                               - Undefined Weak Reference
    _fp_trap_init                             - Undefined Weak Reference
    _fp_trap_shutdown                         - Undefined Weak Reference
    _get_lc_collate                           - Undefined Weak Reference
    _get_lc_monetary                          - Undefined Weak Reference
    _get_lc_time                              - Undefined Weak Reference
    _getenv_init                              - Undefined Weak Reference
    _handle_redirection                       - Undefined Weak Reference
    _init_alloc                               - Undefined Weak Reference
    _init_user_alloc                          - Undefined Weak Reference
    _initio                                   - Undefined Weak Reference
    _printf_mbtowc                            - Undefined Weak Reference
    _printf_wc                                - Undefined Weak Reference
    _rand_init                                - Undefined Weak Reference
    _signal_finish                            - Undefined Weak Reference
    _signal_init                              - Undefined Weak Reference
    _terminate_alloc                          - Undefined Weak Reference
    _terminate_user_alloc                     - Undefined Weak Reference
    _terminateio                              - Undefined Weak Reference
    __Vectors_Size                           0x00000188   Number         0  startup_stm32f40_41xxx.o ABSOLUTE
    __Vectors                                0x08000000   Data           4  startup_stm32f40_41xxx.o(RESET)
    __Vectors_End                            0x08000188   Data           0  startup_stm32f40_41xxx.o(RESET)
    __main                                   0x08000189   Thumb Code     8  __main.o(!!!main)
    __scatterload                            0x08000191   Thumb Code     0  __scatter.o(!!!scatter)
    __scatterload_rt2                        0x08000191   Thumb Code    44  __scatter.o(!!!scatter)
    __scatterload_rt2_thumb_only             0x08000191   Thumb Code     0  __scatter.o(!!!scatter)
    __scatterload_null                       0x0800019f   Thumb Code     0  __scatter.o(!!!scatter)
    __scatterload_copy                       0x080001c5   Thumb Code    26  __scatter_copy.o(!!handler_copy)
    __scatterload_zeroinit                   0x080001e1   Thumb Code    28  __scatter_zi.o(!!handler_zi)
    _printf_n                                0x080001fd   Thumb Code     0  _printf_n.o(.ARM.Collect$$_printf_percent$$00000001)
    _printf_percent                          0x080001fd   Thumb Code     0  _printf_percent.o(.ARM.Collect$$_printf_percent$$00000000)
    _printf_p                                0x08000203   Thumb Code     0  _printf_p.o(.ARM.Collect$$_printf_percent$$00000002)
    _printf_f                                0x08000209   Thumb Code     0  _printf_f.o(.ARM.Collect$$_printf_percent$$00000003)
    _printf_e                                0x0800020f   Thumb Code     0  _printf_e.o(.ARM.Collect$$_printf_percent$$00000004)
    _printf_g                                0x08000215   Thumb Code     0  _printf_g.o(.ARM.Collect$$_printf_percent$$00000005)
    _printf_a                                0x0800021b   Thumb Code     0  _printf_a.o(.ARM.Collect$$_printf_percent$$00000006)
    _printf_ll                               0x08000221   Thumb Code     0  _printf_ll.o(.ARM.Collect$$_printf_percent$$00000007)
    _printf_i                                0x0800022b   Thumb Code     0  _printf_i.o(.ARM.Collect$$_printf_percent$$00000008)
    _printf_d                                0x08000231   Thumb Code     0  _printf_d.o(.ARM.Collect$$_printf_percent$$00000009)
    _printf_u                                0x08000237   Thumb Code     0  _printf_u.o(.ARM.Collect$$_printf_percent$$0000000A)
    _printf_o                                0x0800023d   Thumb Code     0  _printf_o.o(.ARM.Collect$$_printf_percent$$0000000B)
    _printf_x                                0x08000243   Thumb Code     0  _printf_x.o(.ARM.Collect$$_printf_percent$$0000000C)
    _printf_lli                              0x08000249   Thumb Code     0  _printf_lli.o(.ARM.Collect$$_printf_percent$$0000000D)
    _printf_lld                              0x0800024f   Thumb Code     0  _printf_lld.o(.ARM.Collect$$_printf_percent$$0000000E)
    _printf_llu                              0x08000255   Thumb Code     0  _printf_llu.o(.ARM.Collect$$_printf_percent$$0000000F)
    _printf_llo                              0x0800025b   Thumb Code     0  _printf_llo.o(.ARM.Collect$$_printf_percent$$00000010)
    _printf_llx                              0x08000261   Thumb Code     0  _printf_llx.o(.ARM.Collect$$_printf_percent$$00000011)
    _printf_l                                0x08000267   Thumb Code     0  _printf_l.o(.ARM.Collect$$_printf_percent$$00000012)
    _printf_c                                0x08000271   Thumb Code     0  _printf_c.o(.ARM.Collect$$_printf_percent$$00000013)
    _printf_s                                0x08000277   Thumb Code     0  _printf_s.o(.ARM.Collect$$_printf_percent$$00000014)
    _printf_lc                               0x0800027d   Thumb Code     0  _printf_lc.o(.ARM.Collect$$_printf_percent$$00000015)
    _printf_ls                               0x08000283   Thumb Code     0  _printf_ls.o(.ARM.Collect$$_printf_percent$$00000016)
    _printf_percent_end                      0x08000289   Thumb Code     0  _printf_percent_end.o(.ARM.Collect$$_printf_percent$$00000017)
    __rt_lib_init                            0x0800028d   Thumb Code     0  libinit.o(.ARM.Collect$$libinit$$00000000)
    __rt_lib_init_fp_1                       0x0800028f   Thumb Code     0  libinit2.o(.ARM.Collect$$libinit$$00000001)
    __rt_lib_init_heap_1                     0x08000293   Thumb Code     0  libinit2.o(.ARM.Collect$$libinit$$0000000A)
    __rt_lib_init_lc_common                  0x08000293   Thumb Code     0  libinit2.o(.ARM.Collect$$libinit$$0000000F)
    __rt_lib_init_preinit_1                  0x08000293   Thumb Code     0  libinit2.o(.ARM.Collect$$libinit$$00000004)
    __rt_lib_init_rand_1                     0x08000293   Thumb Code     0  libinit2.o(.ARM.Collect$$libinit$$0000000E)
    __rt_lib_init_user_alloc_1               0x08000293   Thumb Code     0  libinit2.o(.ARM.Collect$$libinit$$0000000C)
    __rt_lib_init_lc_collate_1               0x08000299   Thumb Code     0  libinit2.o(.ARM.Collect$$libinit$$00000011)
    __rt_lib_init_lc_ctype_2                 0x08000299   Thumb Code     0  libinit2.o(.ARM.Collect$$libinit$$00000012)
    __rt_lib_init_lc_ctype_1                 0x080002a5   Thumb Code     0  libinit2.o(.ARM.Collect$$libinit$$00000013)
    __rt_lib_init_lc_monetary_1              0x080002a5   Thumb Code     0  libinit2.o(.ARM.Collect$$libinit$$00000015)
    __rt_lib_init_lc_numeric_2               0x080002a5   Thumb Code     0  libinit2.o(.ARM.Collect$$libinit$$00000016)
    __rt_lib_init_alloca_1                   0x080002af   Thumb Code     0  libinit2.o(.ARM.Collect$$libinit$$0000002E)
    __rt_lib_init_argv_1                     0x080002af   Thumb Code     0  libinit2.o(.ARM.Collect$$libinit$$0000002C)
    __rt_lib_init_atexit_1                   0x080002af   Thumb Code     0  libinit2.o(.ARM.Collect$$libinit$$0000001B)
    __rt_lib_init_clock_1                    0x080002af   Thumb Code     0  libinit2.o(.ARM.Collect$$libinit$$00000021)
    __rt_lib_init_cpp_1                      0x080002af   Thumb Code     0  libinit2.o(.ARM.Collect$$libinit$$00000032)
    __rt_lib_init_exceptions_1               0x080002af   Thumb Code     0  libinit2.o(.ARM.Collect$$libinit$$00000030)
    __rt_lib_init_fp_trap_1                  0x080002af   Thumb Code     0  libinit2.o(.ARM.Collect$$libinit$$0000001F)
    __rt_lib_init_getenv_1                   0x080002af   Thumb Code     0  libinit2.o(.ARM.Collect$$libinit$$00000023)
    __rt_lib_init_lc_numeric_1               0x080002af   Thumb Code     0  libinit2.o(.ARM.Collect$$libinit$$00000017)
    __rt_lib_init_lc_time_1                  0x080002af   Thumb Code     0  libinit2.o(.ARM.Collect$$libinit$$00000019)
    __rt_lib_init_return                     0x080002af   Thumb Code     0  libinit2.o(.ARM.Collect$$libinit$$00000033)
    __rt_lib_init_signal_1                   0x080002af   Thumb Code     0  libinit2.o(.ARM.Collect$$libinit$$0000001D)
    __rt_lib_init_stdio_1                    0x080002af   Thumb Code     0  libinit2.o(.ARM.Collect$$libinit$$00000025)
    __rt_lib_shutdown                        0x080002b1   Thumb Code     0  libshutdown.o(.ARM.Collect$$libshutdown$$00000000)
    __rt_lib_shutdown_cpp_1                  0x080002b3   Thumb Code     0  libshutdown2.o(.ARM.Collect$$libshutdown$$00000002)
    __rt_lib_shutdown_fp_trap_1              0x080002b3   Thumb Code     0  libshutdown2.o(.ARM.Collect$$libshutdown$$00000007)
    __rt_lib_shutdown_heap_1                 0x080002b3   Thumb Code     0  libshutdown2.o(.ARM.Collect$$libshutdown$$0000000F)
    __rt_lib_shutdown_return                 0x080002b3   Thumb Code     0  libshutdown2.o(.ARM.Collect$$libshutdown$$00000010)
    __rt_lib_shutdown_signal_1               0x080002b3   Thumb Code     0  libshutdown2.o(.ARM.Collect$$libshutdown$$0000000A)
    __rt_lib_shutdown_stdio_1                0x080002b3   Thumb Code     0  libshutdown2.o(.ARM.Collect$$libshutdown$$00000004)
    __rt_lib_shutdown_user_alloc_1           0x080002b3   Thumb Code     0  libshutdown2.o(.ARM.Collect$$libshutdown$$0000000C)
    __rt_entry                               0x080002b5   Thumb Code     0  __rtentry.o(.ARM.Collect$$rtentry$$00000000)
    __rt_entry_presh_1                       0x080002b5   Thumb Code     0  __rtentry2.o(.ARM.Collect$$rtentry$$00000002)
    __rt_entry_sh                            0x080002b5   Thumb Code     0  __rtentry4.o(.ARM.Collect$$rtentry$$00000004)
    __rt_entry_li                            0x080002bb   Thumb Code     0  __rtentry2.o(.ARM.Collect$$rtentry$$0000000A)
    __rt_entry_postsh_1                      0x080002bb   Thumb Code     0  __rtentry2.o(.ARM.Collect$$rtentry$$00000009)
    __rt_entry_main                          0x080002bf   Thumb Code     0  __rtentry2.o(.ARM.Collect$$rtentry$$0000000D)
    __rt_entry_postli_1                      0x080002bf   Thumb Code     0  __rtentry2.o(.ARM.Collect$$rtentry$$0000000C)
    __rt_exit                                0x080002c7   Thumb Code     0  rtexit.o(.ARM.Collect$$rtexit$$00000000)
    __rt_exit_ls                             0x080002c9   Thumb Code     0  rtexit2.o(.ARM.Collect$$rtexit$$00000003)
    __rt_exit_prels_1                        0x080002c9   Thumb Code     0  rtexit2.o(.ARM.Collect$$rtexit$$00000002)
    __rt_exit_exit                           0x080002cd   Thumb Code     0  rtexit2.o(.ARM.Collect$$rtexit$$00000004)
    Reset_Handler                            0x080002d5   Thumb Code     8  startup_stm32f40_41xxx.o(.text)
    ADC_IRQHandler                           0x080002ef   Thumb Code     0  startup_stm32f40_41xxx.o(.text)
    CAN1_RX0_IRQHandler                      0x080002ef   Thumb Code     0  startup_stm32f40_41xxx.o(.text)
    CAN1_RX1_IRQHandler                      0x080002ef   Thumb Code     0  startup_stm32f40_41xxx.o(.text)
    CAN1_SCE_IRQHandler                      0x080002ef   Thumb Code     0  startup_stm32f40_41xxx.o(.text)
    CAN1_TX_IRQHandler                       0x080002ef   Thumb Code     0  startup_stm32f40_41xxx.o(.text)
    CAN2_RX0_IRQHandler                      0x080002ef   Thumb Code     0  startup_stm32f40_41xxx.o(.text)
    CAN2_RX1_IRQHandler                      0x080002ef   Thumb Code     0  startup_stm32f40_41xxx.o(.text)
    CAN2_SCE_IRQHandler                      0x080002ef   Thumb Code     0  startup_stm32f40_41xxx.o(.text)
    CAN2_TX_IRQHandler                       0x080002ef   Thumb Code     0  startup_stm32f40_41xxx.o(.text)
    CRYP_IRQHandler                          0x080002ef   Thumb Code     0  startup_stm32f40_41xxx.o(.text)
    DCMI_IRQHandler                          0x080002ef   Thumb Code     0  startup_stm32f40_41xxx.o(.text)
    DMA1_Stream0_IRQHandler                  0x080002ef   Thumb Code     0  startup_stm32f40_41xxx.o(.text)
    DMA1_Stream1_IRQHandler                  0x080002ef   Thumb Code     0  startup_stm32f40_41xxx.o(.text)
    DMA1_Stream2_IRQHandler                  0x080002ef   Thumb Code     0  startup_stm32f40_41xxx.o(.text)
    DMA1_Stream3_IRQHandler                  0x080002ef   Thumb Code     0  startup_stm32f40_41xxx.o(.text)
    DMA1_Stream4_IRQHandler                  0x080002ef   Thumb Code     0  startup_stm32f40_41xxx.o(.text)
    DMA1_Stream5_IRQHandler                  0x080002ef   Thumb Code     0  startup_stm32f40_41xxx.o(.text)
    DMA1_Stream6_IRQHandler                  0x080002ef   Thumb Code     0  startup_stm32f40_41xxx.o(.text)
    DMA1_Stream7_IRQHandler                  0x080002ef   Thumb Code     0  startup_stm32f40_41xxx.o(.text)
    DMA2_Stream0_IRQHandler                  0x080002ef   Thumb Code     0  startup_stm32f40_41xxx.o(.text)
    DMA2_Stream1_IRQHandler                  0x080002ef   Thumb Code     0  startup_stm32f40_41xxx.o(.text)
    DMA2_Stream2_IRQHandler                  0x080002ef   Thumb Code     0  startup_stm32f40_41xxx.o(.text)
    DMA2_Stream3_IRQHandler                  0x080002ef   Thumb Code     0  startup_stm32f40_41xxx.o(.text)
    DMA2_Stream4_IRQHandler                  0x080002ef   Thumb Code     0  startup_stm32f40_41xxx.o(.text)
    DMA2_Stream5_IRQHandler                  0x080002ef   Thumb Code     0  startup_stm32f40_41xxx.o(.text)
    DMA2_Stream6_IRQHandler                  0x080002ef   Thumb Code     0  startup_stm32f40_41xxx.o(.text)
    DMA2_Stream7_IRQHandler                  0x080002ef   Thumb Code     0  startup_stm32f40_41xxx.o(.text)
    ETH_IRQHandler                           0x080002ef   Thumb Code     0  startup_stm32f40_41xxx.o(.text)
    ETH_WKUP_IRQHandler                      0x080002ef   Thumb Code     0  startup_stm32f40_41xxx.o(.text)
    EXTI0_IRQHandler                         0x080002ef   Thumb Code     0  startup_stm32f40_41xxx.o(.text)
    EXTI15_10_IRQHandler                     0x080002ef   Thumb Code     0  startup_stm32f40_41xxx.o(.text)
    EXTI1_IRQHandler                         0x080002ef   Thumb Code     0  startup_stm32f40_41xxx.o(.text)
    EXTI2_IRQHandler                         0x080002ef   Thumb Code     0  startup_stm32f40_41xxx.o(.text)
    EXTI3_IRQHandler                         0x080002ef   Thumb Code     0  startup_stm32f40_41xxx.o(.text)
    EXTI4_IRQHandler                         0x080002ef   Thumb Code     0  startup_stm32f40_41xxx.o(.text)
    EXTI9_5_IRQHandler                       0x080002ef   Thumb Code     0  startup_stm32f40_41xxx.o(.text)
    FLASH_IRQHandler                         0x080002ef   Thumb Code     0  startup_stm32f40_41xxx.o(.text)
    FPU_IRQHandler                           0x080002ef   Thumb Code     0  startup_stm32f40_41xxx.o(.text)
    FSMC_IRQHandler                          0x080002ef   Thumb Code     0  startup_stm32f40_41xxx.o(.text)
    HASH_RNG_IRQHandler                      0x080002ef   Thumb Code     0  startup_stm32f40_41xxx.o(.text)
    I2C1_ER_IRQHandler                       0x080002ef   Thumb Code     0  startup_stm32f40_41xxx.o(.text)
    I2C1_EV_IRQHandler                       0x080002ef   Thumb Code     0  startup_stm32f40_41xxx.o(.text)
    I2C2_ER_IRQHandler                       0x080002ef   Thumb Code     0  startup_stm32f40_41xxx.o(.text)
    I2C2_EV_IRQHandler                       0x080002ef   Thumb Code     0  startup_stm32f40_41xxx.o(.text)
    I2C3_ER_IRQHandler                       0x080002ef   Thumb Code     0  startup_stm32f40_41xxx.o(.text)
    I2C3_EV_IRQHandler                       0x080002ef   Thumb Code     0  startup_stm32f40_41xxx.o(.text)
    OTG_FS_IRQHandler                        0x080002ef   Thumb Code     0  startup_stm32f40_41xxx.o(.text)
    OTG_FS_WKUP_IRQHandler                   0x080002ef   Thumb Code     0  startup_stm32f40_41xxx.o(.text)
    OTG_HS_EP1_IN_IRQHandler                 0x080002ef   Thumb Code     0  startup_stm32f40_41xxx.o(.text)
    OTG_HS_EP1_OUT_IRQHandler                0x080002ef   Thumb Code     0  startup_stm32f40_41xxx.o(.text)
    OTG_HS_IRQHandler                        0x080002ef   Thumb Code     0  startup_stm32f40_41xxx.o(.text)
    OTG_HS_WKUP_IRQHandler                   0x080002ef   Thumb Code     0  startup_stm32f40_41xxx.o(.text)
    PVD_IRQHandler                           0x080002ef   Thumb Code     0  startup_stm32f40_41xxx.o(.text)
    RCC_IRQHandler                           0x080002ef   Thumb Code     0  startup_stm32f40_41xxx.o(.text)
    RTC_Alarm_IRQHandler                     0x080002ef   Thumb Code     0  startup_stm32f40_41xxx.o(.text)
    RTC_WKUP_IRQHandler                      0x080002ef   Thumb Code     0  startup_stm32f40_41xxx.o(.text)
    SDIO_IRQHandler                          0x080002ef   Thumb Code     0  startup_stm32f40_41xxx.o(.text)
    SPI1_IRQHandler                          0x080002ef   Thumb Code     0  startup_stm32f40_41xxx.o(.text)
    SPI2_IRQHandler                          0x080002ef   Thumb Code     0  startup_stm32f40_41xxx.o(.text)
    SPI3_IRQHandler                          0x080002ef   Thumb Code     0  startup_stm32f40_41xxx.o(.text)
    TAMP_STAMP_IRQHandler                    0x080002ef   Thumb Code     0  startup_stm32f40_41xxx.o(.text)
    UART4_IRQHandler                         0x080002ef   Thumb Code     0  startup_stm32f40_41xxx.o(.text)
    UART5_IRQHandler                         0x080002ef   Thumb Code     0  startup_stm32f40_41xxx.o(.text)
    USART1_IRQHandler                        0x080002ef   Thumb Code     0  startup_stm32f40_41xxx.o(.text)
    USART2_IRQHandler                        0x080002ef   Thumb Code     0  startup_stm32f40_41xxx.o(.text)
    USART3_IRQHandler                        0x080002ef   Thumb Code     0  startup_stm32f40_41xxx.o(.text)
    USART6_IRQHandler                        0x080002ef   Thumb Code     0  startup_stm32f40_41xxx.o(.text)
    WWDG_IRQHandler                          0x080002ef   Thumb Code     0  startup_stm32f40_41xxx.o(.text)
    __user_initial_stackheap                 0x080002f1   Thumb Code     0  startup_stm32f40_41xxx.o(.text)
    vsprintf                                 0x08000315   Thumb Code    32  vsprintf.o(.text)
    __use_two_region_memory                  0x08000339   Thumb Code     2  heapauxi.o(.text)
    __rt_heap_escrow$2region                 0x0800033b   Thumb Code     2  heapauxi.o(.text)
    __rt_heap_expand$2region                 0x0800033d   Thumb Code     2  heapauxi.o(.text)
    _printf_pre_padding                      0x0800033f   Thumb Code    44  _printf_pad.o(.text)
    _printf_post_padding                     0x0800036b   Thumb Code    34  _printf_pad.o(.text)
    _printf_truncate_signed                  0x0800038d   Thumb Code    18  _printf_truncate.o(.text)
    _printf_truncate_unsigned                0x0800039f   Thumb Code    18  _printf_truncate.o(.text)
    _printf_str                              0x080003b1   Thumb Code    82  _printf_str.o(.text)
    _printf_int_dec                          0x08000405   Thumb Code   104  _printf_dec.o(.text)
    _printf_charcount                        0x0800047d   Thumb Code    40  _printf_charcount.o(.text)
    _printf_char_common                      0x080004af   Thumb Code    32  _printf_char_common.o(.text)
    _sputc                                   0x080004d5   Thumb Code    10  _sputc.o(.text)
    _printf_wctomb                           0x080004e1   Thumb Code   182  _printf_wctomb.o(.text)
    _printf_longlong_dec                     0x0800059d   Thumb Code   108  _printf_longlong_dec.o(.text)
    _printf_longlong_oct                     0x08000619   Thumb Code    66  _printf_oct_int_ll.o(.text)
    _printf_int_oct                          0x0800065b   Thumb Code    24  _printf_oct_int_ll.o(.text)
    _printf_ll_oct                           0x08000673   Thumb Code    12  _printf_oct_int_ll.o(.text)
    _printf_longlong_hex                     0x08000689   Thumb Code    86  _printf_hex_int_ll_ptr.o(.text)
    _printf_int_hex                          0x080006df   Thumb Code    28  _printf_hex_int_ll_ptr.o(.text)
    _printf_ll_hex                           0x080006fb   Thumb Code    12  _printf_hex_int_ll_ptr.o(.text)
    _printf_hex_ptr                          0x08000707   Thumb Code    18  _printf_hex_int_ll_ptr.o(.text)
    __printf                                 0x0800071d   Thumb Code   388  __printf_flags_ss_wp.o(.text)
    _ll_udiv10                               0x080008a5   Thumb Code   138  lludiv10.o(.text)
    _printf_int_common                       0x0800092f   Thumb Code   178  _printf_intcommon.o(.text)
    __lib_sel_fp_printf                      0x080009e1   Thumb Code     2  _printf_fp_dec.o(.text)
    _printf_fp_dec_real                      0x08000b93   Thumb Code   620  _printf_fp_dec.o(.text)
    _printf_fp_hex_real                      0x08000e01   Thumb Code   756  _printf_fp_hex.o(.text)
    _printf_cs_common                        0x080010fd   Thumb Code    20  _printf_char.o(.text)
    _printf_char                             0x08001111   Thumb Code    16  _printf_char.o(.text)
    _printf_string                           0x08001121   Thumb Code     8  _printf_char.o(.text)
    _printf_lcs_common                       0x08001129   Thumb Code    20  _printf_wchar.o(.text)
    _printf_wchar                            0x0800113d   Thumb Code    16  _printf_wchar.o(.text)
    _printf_wstring                          0x0800114d   Thumb Code     8  _printf_wchar.o(.text)
    _wcrtomb                                 0x08001155   Thumb Code    64  _wcrtomb.o(.text)
    __user_setup_stackheap                   0x08001195   Thumb Code    74  sys_stackheap_outer.o(.text)
    __rt_ctype_table                         0x080011e1   Thumb Code    16  rt_ctype_table.o(.text)
    __rt_locale                              0x080011f1   Thumb Code     8  rt_locale_intlibspace.o(.text)
    _printf_fp_infnan                        0x080011f9   Thumb Code   112  _printf_fp_infnan.o(.text)
    _btod_etento                             0x08001279   Thumb Code   224  bigflt0.o(.text)
    exit                                     0x0800135d   Thumb Code    18  exit.o(.text)
    __user_libspace                          0x08001371   Thumb Code     8  libspace.o(.text)
    __user_perproc_libspace                  0x08001371   Thumb Code     0  libspace.o(.text)
    __user_perthread_libspace                0x08001371   Thumb Code     0  libspace.o(.text)
    strcmp                                   0x08001379   Thumb Code   128  strcmpv7m.o(.text)
    _sys_exit                                0x080013f9   Thumb Code     8  sys_exit.o(.text)
    __I$use$semihosting                      0x08001405   Thumb Code     0  use_no_semi.o(.text)
    __use_no_semihosting_swi                 0x08001405   Thumb Code     2  use_no_semi.o(.text)
    __semihosting_library_function           0x08001407   Thumb Code     0  indicate_semi.o(.text)
    _btod_d2e                                0x08001407   Thumb Code    62  btod.o(CL$$btod_d2e)
    _d2e_denorm_low                          0x08001445   Thumb Code    70  btod.o(CL$$btod_d2e_denorm_low)
    _d2e_norm_op1                            0x0800148b   Thumb Code    96  btod.o(CL$$btod_d2e_norm_op1)
    __btod_div_common                        0x080014eb   Thumb Code   696  btod.o(CL$$btod_div_common)
    _e2e                                     0x08001823   Thumb Code   220  btod.o(CL$$btod_e2e)
    _btod_ediv                               0x080018ff   Thumb Code    42  btod.o(CL$$btod_ediv)
    _btod_emul                               0x08001929   Thumb Code    42  btod.o(CL$$btod_emul)
    __btod_mult_common                       0x08001953   Thumb Code   580  btod.o(CL$$btod_mult_common)
    BusFault_Handler                         0x08001b97   Thumb Code     4  stm32f4xx_it.o(i.BusFault_Handler)
    DebugMon_Handler                         0x08001b9b   Thumb Code     2  stm32f4xx_it.o(i.DebugMon_Handler)
    GPIO_Init                                0x08001b9d   Thumb Code   144  stm32f4xx_gpio.o(i.GPIO_Init)
    GPIO_PinAFConfig                         0x08001c2d   Thumb Code    70  stm32f4xx_gpio.o(i.GPIO_PinAFConfig)
    GPIO_WriteBit                            0x08001c73   Thumb Code    10  stm32f4xx_gpio.o(i.GPIO_WriteBit)
    HardFault_Handler                        0x08001c7d   Thumb Code     4  stm32f4xx_it.o(i.HardFault_Handler)
    M4_Gpio_Init                             0x08001c81   Thumb Code    48  gpio.o(i.M4_Gpio_Init)
    M4_Pwm_Init                              0x08001cb1   Thumb Code    14  pwm.o(i.M4_Pwm_Init)
    M4_Rcc_Init                              0x08001cd9   Thumb Code    10  rcc.o(i.M4_Rcc_Init)
    M4_Usart_Init                            0x08001cfd   Thumb Code   136  uart.o(i.M4_Usart_Init)
    MemManage_Handler                        0x08001da5   Thumb Code     4  stm32f4xx_it.o(i.MemManage_Handler)
    NMI_Handler                              0x08001da9   Thumb Code     2  stm32f4xx_it.o(i.NMI_Handler)
    PendSV_Handler                           0x08002715   Thumb Code     2  stm32f4xx_it.o(i.PendSV_Handler)
    PrintMenu                                0x08002719   Thumb Code    28  menu.o(i.PrintMenu)
    RCC_AHB1PeriphClockCmd                   0x080027d1   Thumb Code    26  stm32f4xx_rcc.o(i.RCC_AHB1PeriphClockCmd)
    RCC_APB1PeriphClockCmd                   0x080027f1   Thumb Code    26  stm32f4xx_rcc.o(i.RCC_APB1PeriphClockCmd)
    RCC_GetClocksFreq                        0x08002811   Thumb Code   214  stm32f4xx_rcc.o(i.RCC_GetClocksFreq)
    SVC_Handler                              0x080028f9   Thumb Code     2  stm32f4xx_it.o(i.SVC_Handler)
    SysTick_Handler                          0x080029e9   Thumb Code     8  stm32f4xx_it.o(i.SysTick_Handler)
    SystemInit                               0x080029f1   Thumb Code    88  system_stm32f4xx.o(i.SystemInit)
    System_Information                       0x08002a59   Thumb Code    74  menu.o(i.System_Information)
    System_Init                              0x08002b11   Thumb Code    20  main.o(i.System_Init)
    TIM1_BRK_TIM9_IRQHandler                 0x08002b25   Thumb Code    22  timer.o(i.TIM1_BRK_TIM9_IRQHandler)
    TIM1_CC_IRQHandler                       0x08002b41   Thumb Code    22  timer.o(i.TIM1_CC_IRQHandler)
    TIM1_TRG_COM_TIM11_IRQHandler            0x08002b5d   Thumb Code    22  timer.o(i.TIM1_TRG_COM_TIM11_IRQHandler)
    TIM1_UP_TIM10_IRQHandler                 0x08002b79   Thumb Code    22  timer.o(i.TIM1_UP_TIM10_IRQHandler)
    TIM2_IRQHandler                          0x08002b95   Thumb Code    22  timer.o(i.TIM2_IRQHandler)
    TIM3_IRQHandler                          0x08002bad   Thumb Code    22  timer.o(i.TIM3_IRQHandler)
    TIM3_PWM_Configuration                   0x08002bc9   Thumb Code   166  pwm.o(i.TIM3_PWM_Configuration)
    TIM4_IRQHandler                          0x08002c79   Thumb Code    22  timer.o(i.TIM4_IRQHandler)
    TIM5_IRQHandler                          0x08002c95   Thumb Code    28  timer.o(i.TIM5_IRQHandler)
    TIM6_DAC_IRQHandler                      0x08002cb9   Thumb Code    22  timer.o(i.TIM6_DAC_IRQHandler)
    TIM7_IRQHandler                          0x08002cd5   Thumb Code    22  timer.o(i.TIM7_IRQHandler)
    TIM8_BRK_TIM12_IRQHandler                0x08002cf1   Thumb Code    22  timer.o(i.TIM8_BRK_TIM12_IRQHandler)
    TIM8_CC_IRQHandler                       0x08002d11   Thumb Code    22  timer.o(i.TIM8_CC_IRQHandler)
    TIM8_TRG_COM_TIM14_IRQHandler            0x08002d2d   Thumb Code    12  timer.o(i.TIM8_TRG_COM_TIM14_IRQHandler)
    TIM8_UP_TIM13_IRQHandler                 0x08002d3d   Thumb Code    22  timer.o(i.TIM8_UP_TIM13_IRQHandler)
    TIM_ARRPreloadConfig                     0x08002d59   Thumb Code    24  stm32f4xx_tim.o(i.TIM_ARRPreloadConfig)
    TIM_ClearITPendingBit                    0x08002d71   Thumb Code     6  stm32f4xx_tim.o(i.TIM_ClearITPendingBit)
    TIM_Cmd                                  0x08002d77   Thumb Code    24  stm32f4xx_tim.o(i.TIM_Cmd)
    TIM_GetITStatus                          0x08002d8f   Thumb Code    34  stm32f4xx_tim.o(i.TIM_GetITStatus)
    TIM_OC1Init                              0x08002db1   Thumb Code   114  stm32f4xx_tim.o(i.TIM_OC1Init)
    TIM_OC1PreloadConfig                     0x08002e2d   Thumb Code    18  stm32f4xx_tim.o(i.TIM_OC1PreloadConfig)
    TIM_TimeBaseInit                         0x08002e41   Thumb Code   104  stm32f4xx_tim.o(i.TIM_TimeBaseInit)
    TimingDelay_Decrement                    0x08002ec5   Thumb Code    18  main.o(i.TimingDelay_Decrement)
    TxPrintf                                 0x08002edd   Thumb Code    34  uart.o(i.TxPrintf)
    USART_Cmd                                0x08002f4b   Thumb Code    24  stm32f4xx_usart.o(i.USART_Cmd)
    USART_GetFlagStatus                      0x08002f63   Thumb Code    26  stm32f4xx_usart.o(i.USART_GetFlagStatus)
    USART_Init                               0x08002f7d   Thumb Code   204  stm32f4xx_usart.o(i.USART_Init)
    UsageFault_Handler                       0x08003051   Thumb Code     4  stm32f4xx_it.o(i.UsageFault_Handler)
    Variable_Init                            0x08003055   Thumb Code     2  main.o(i.Variable_Init)
    __ARM_fpclassify                         0x08003057   Thumb Code    48  fpclassify.o(i.__ARM_fpclassify)
    _is_digit                                0x08003087   Thumb Code    14  __printf_wp.o(i._is_digit)
    main                                     0x08003095   Thumb Code   160  main.o(i.main)
    _get_lc_numeric                          0x08003145   Thumb Code    44  lc_numeric_c.o(locale$$code)
    _get_lc_ctype                            0x08003171   Thumb Code    44  lc_ctype_c.o(locale$$code)
    _fp_init                                 0x0800319d   Thumb Code    10  fpinit.o(x$fpl$fpinit)
    __fplib_config_fpu_vfp                   0x080031a5   Thumb Code     0  fpinit.o(x$fpl$fpinit)
    __fplib_config_pureend_doubles           0x080031a5   Thumb Code     0  fpinit.o(x$fpl$fpinit)
    _printf_fp_dec                           0x080031a7   Thumb Code     4  printf1.o(x$fpl$printf1)
    _printf_fp_hex                           0x080031ab   Thumb Code     4  printf2.o(x$fpl$printf2)
    __I$use$fp                               0x080031ae   Number         0  usenofp.o(x$fpl$usenofp)
    Region$$Table$$Base                      0x080032ac   Number         0  anon$$obj.o(Region$$Table)
    Region$$Table$$Limit                     0x080032cc   Number         0  anon$$obj.o(Region$$Table)
    __ctype                                  0x080032f5   Data           0  lc_ctype_c.o(locale$$data)
    test                                     0x20000000   Data           4  main.o(.data)
    TIM5_flag                                0x20000008   Data           1  timer.o(.data)
    __libspace_start                         0x2000009c   Data          96  libspace.o(.bss)
    __temporary_stack_top$libspace           0x200000fc   Data           0  libspace.o(.bss)



==============================================================================

Memory Map of the image

  Image Entry point : 0x08000189

  Load Region LR_IROM1 (Base: 0x08000000, Size: 0x00003414, Max: 0x00100000, ABSOLUTE)

    Execution Region ER_IROM1 (Exec base: 0x08000000, Load base: 0x08000000, Size: 0x000033f8, Max: 0x00100000, ABSOLUTE)

    Exec Addr    Load Addr    Size         Type   Attr      Idx    E Section Name        Object

    0x08000000   0x08000000   0x00000188   Data   RO         5638    RESET               startup_stm32f40_41xxx.o
    0x08000188   0x08000188   0x00000008   Code   RO         5649  * !!!main             c_w.l(__main.o)
    0x08000190   0x08000190   0x00000034   Code   RO         5970    !!!scatter          c_w.l(__scatter.o)
    0x080001c4   0x080001c4   0x0000001a   Code   RO         5972    !!handler_copy      c_w.l(__scatter_copy.o)
    0x080001de   0x080001de   0x00000002   PAD
    0x080001e0   0x080001e0   0x0000001c   Code   RO         5974    !!handler_zi        c_w.l(__scatter_zi.o)
    0x080001fc   0x080001fc   0x00000000   Code   RO         5733    .ARM.Collect$$_printf_percent$$00000000  c_w.l(_printf_percent.o)
    0x080001fc   0x080001fc   0x00000006   Code   RO         5722    .ARM.Collect$$_printf_percent$$00000001  c_w.l(_printf_n.o)
    0x08000202   0x08000202   0x00000006   Code   RO         5724    .ARM.Collect$$_printf_percent$$00000002  c_w.l(_printf_p.o)
    0x08000208   0x08000208   0x00000006   Code   RO         5729    .ARM.Collect$$_printf_percent$$00000003  c_w.l(_printf_f.o)
    0x0800020e   0x0800020e   0x00000006   Code   RO         5730    .ARM.Collect$$_printf_percent$$00000004  c_w.l(_printf_e.o)
    0x08000214   0x08000214   0x00000006   Code   RO         5731    .ARM.Collect$$_printf_percent$$00000005  c_w.l(_printf_g.o)
    0x0800021a   0x0800021a   0x00000006   Code   RO         5732    .ARM.Collect$$_printf_percent$$00000006  c_w.l(_printf_a.o)
    0x08000220   0x08000220   0x0000000a   Code   RO         5737    .ARM.Collect$$_printf_percent$$00000007  c_w.l(_printf_ll.o)
    0x0800022a   0x0800022a   0x00000006   Code   RO         5726    .ARM.Collect$$_printf_percent$$00000008  c_w.l(_printf_i.o)
    0x08000230   0x08000230   0x00000006   Code   RO         5727    .ARM.Collect$$_printf_percent$$00000009  c_w.l(_printf_d.o)
    0x08000236   0x08000236   0x00000006   Code   RO         5728    .ARM.Collect$$_printf_percent$$0000000A  c_w.l(_printf_u.o)
    0x0800023c   0x0800023c   0x00000006   Code   RO         5725    .ARM.Collect$$_printf_percent$$0000000B  c_w.l(_printf_o.o)
    0x08000242   0x08000242   0x00000006   Code   RO         5723    .ARM.Collect$$_printf_percent$$0000000C  c_w.l(_printf_x.o)
    0x08000248   0x08000248   0x00000006   Code   RO         5734    .ARM.Collect$$_printf_percent$$0000000D  c_w.l(_printf_lli.o)
    0x0800024e   0x0800024e   0x00000006   Code   RO         5735    .ARM.Collect$$_printf_percent$$0000000E  c_w.l(_printf_lld.o)
    0x08000254   0x08000254   0x00000006   Code   RO         5736    .ARM.Collect$$_printf_percent$$0000000F  c_w.l(_printf_llu.o)
    0x0800025a   0x0800025a   0x00000006   Code   RO         5741    .ARM.Collect$$_printf_percent$$00000010  c_w.l(_printf_llo.o)
    0x08000260   0x08000260   0x00000006   Code   RO         5742    .ARM.Collect$$_printf_percent$$00000011  c_w.l(_printf_llx.o)
    0x08000266   0x08000266   0x0000000a   Code   RO         5738    .ARM.Collect$$_printf_percent$$00000012  c_w.l(_printf_l.o)
    0x08000270   0x08000270   0x00000006   Code   RO         5720    .ARM.Collect$$_printf_percent$$00000013  c_w.l(_printf_c.o)
    0x08000276   0x08000276   0x00000006   Code   RO         5721    .ARM.Collect$$_printf_percent$$00000014  c_w.l(_printf_s.o)
    0x0800027c   0x0800027c   0x00000006   Code   RO         5739    .ARM.Collect$$_printf_percent$$00000015  c_w.l(_printf_lc.o)
    0x08000282   0x08000282   0x00000006   Code   RO         5740    .ARM.Collect$$_printf_percent$$00000016  c_w.l(_printf_ls.o)
    0x08000288   0x08000288   0x00000004   Code   RO         5781    .ARM.Collect$$_printf_percent$$00000017  c_w.l(_printf_percent_end.o)
    0x0800028c   0x0800028c   0x00000002   Code   RO         5830    .ARM.Collect$$libinit$$00000000  c_w.l(libinit.o)
    0x0800028e   0x0800028e   0x00000004   Code   RO         5846    .ARM.Collect$$libinit$$00000001  c_w.l(libinit2.o)
    0x08000292   0x08000292   0x00000000   Code   RO         5849    .ARM.Collect$$libinit$$00000004  c_w.l(libinit2.o)
    0x08000292   0x08000292   0x00000000   Code   RO         5852    .ARM.Collect$$libinit$$0000000A  c_w.l(libinit2.o)
    0x08000292   0x08000292   0x00000000   Code   RO         5854    .ARM.Collect$$libinit$$0000000C  c_w.l(libinit2.o)
    0x08000292   0x08000292   0x00000000   Code   RO         5856    .ARM.Collect$$libinit$$0000000E  c_w.l(libinit2.o)
    0x08000292   0x08000292   0x00000006   Code   RO         5857    .ARM.Collect$$libinit$$0000000F  c_w.l(libinit2.o)
    0x08000298   0x08000298   0x00000000   Code   RO         5859    .ARM.Collect$$libinit$$00000011  c_w.l(libinit2.o)
    0x08000298   0x08000298   0x0000000c   Code   RO         5860    .ARM.Collect$$libinit$$00000012  c_w.l(libinit2.o)
    0x080002a4   0x080002a4   0x00000000   Code   RO         5861    .ARM.Collect$$libinit$$00000013  c_w.l(libinit2.o)
    0x080002a4   0x080002a4   0x00000000   Code   RO         5863    .ARM.Collect$$libinit$$00000015  c_w.l(libinit2.o)
    0x080002a4   0x080002a4   0x0000000a   Code   RO         5864    .ARM.Collect$$libinit$$00000016  c_w.l(libinit2.o)
    0x080002ae   0x080002ae   0x00000000   Code   RO         5865    .ARM.Collect$$libinit$$00000017  c_w.l(libinit2.o)
    0x080002ae   0x080002ae   0x00000000   Code   RO         5867    .ARM.Collect$$libinit$$00000019  c_w.l(libinit2.o)
    0x080002ae   0x080002ae   0x00000000   Code   RO         5869    .ARM.Collect$$libinit$$0000001B  c_w.l(libinit2.o)
    0x080002ae   0x080002ae   0x00000000   Code   RO         5871    .ARM.Collect$$libinit$$0000001D  c_w.l(libinit2.o)
    0x080002ae   0x080002ae   0x00000000   Code   RO         5873    .ARM.Collect$$libinit$$0000001F  c_w.l(libinit2.o)
    0x080002ae   0x080002ae   0x00000000   Code   RO         5875    .ARM.Collect$$libinit$$00000021  c_w.l(libinit2.o)
    0x080002ae   0x080002ae   0x00000000   Code   RO         5877    .ARM.Collect$$libinit$$00000023  c_w.l(libinit2.o)
    0x080002ae   0x080002ae   0x00000000   Code   RO         5879    .ARM.Collect$$libinit$$00000025  c_w.l(libinit2.o)
    0x080002ae   0x080002ae   0x00000000   Code   RO         5883    .ARM.Collect$$libinit$$0000002C  c_w.l(libinit2.o)
    0x080002ae   0x080002ae   0x00000000   Code   RO         5885    .ARM.Collect$$libinit$$0000002E  c_w.l(libinit2.o)
    0x080002ae   0x080002ae   0x00000000   Code   RO         5887    .ARM.Collect$$libinit$$00000030  c_w.l(libinit2.o)
    0x080002ae   0x080002ae   0x00000000   Code   RO         5889    .ARM.Collect$$libinit$$00000032  c_w.l(libinit2.o)
    0x080002ae   0x080002ae   0x00000002   Code   RO         5890    .ARM.Collect$$libinit$$00000033  c_w.l(libinit2.o)
    0x080002b0   0x080002b0   0x00000002   Code   RO         5910    .ARM.Collect$$libshutdown$$00000000  c_w.l(libshutdown.o)
    0x080002b2   0x080002b2   0x00000000   Code   RO         5923    .ARM.Collect$$libshutdown$$00000002  c_w.l(libshutdown2.o)
    0x080002b2   0x080002b2   0x00000000   Code   RO         5925    .ARM.Collect$$libshutdown$$00000004  c_w.l(libshutdown2.o)
    0x080002b2   0x080002b2   0x00000000   Code   RO         5928    .ARM.Collect$$libshutdown$$00000007  c_w.l(libshutdown2.o)
    0x080002b2   0x080002b2   0x00000000   Code   RO         5931    .ARM.Collect$$libshutdown$$0000000A  c_w.l(libshutdown2.o)
    0x080002b2   0x080002b2   0x00000000   Code   RO         5933    .ARM.Collect$$libshutdown$$0000000C  c_w.l(libshutdown2.o)
    0x080002b2   0x080002b2   0x00000000   Code   RO         5936    .ARM.Collect$$libshutdown$$0000000F  c_w.l(libshutdown2.o)
    0x080002b2   0x080002b2   0x00000002   Code   RO         5937    .ARM.Collect$$libshutdown$$00000010  c_w.l(libshutdown2.o)
    0x080002b4   0x080002b4   0x00000000   Code   RO         5651    .ARM.Collect$$rtentry$$00000000  c_w.l(__rtentry.o)
    0x080002b4   0x080002b4   0x00000000   Code   RO         5752    .ARM.Collect$$rtentry$$00000002  c_w.l(__rtentry2.o)
    0x080002b4   0x080002b4   0x00000006   Code   RO         5764    .ARM.Collect$$rtentry$$00000004  c_w.l(__rtentry4.o)
    0x080002ba   0x080002ba   0x00000000   Code   RO         5754    .ARM.Collect$$rtentry$$00000009  c_w.l(__rtentry2.o)
    0x080002ba   0x080002ba   0x00000004   Code   RO         5755    .ARM.Collect$$rtentry$$0000000A  c_w.l(__rtentry2.o)
    0x080002be   0x080002be   0x00000000   Code   RO         5757    .ARM.Collect$$rtentry$$0000000C  c_w.l(__rtentry2.o)
    0x080002be   0x080002be   0x00000008   Code   RO         5758    .ARM.Collect$$rtentry$$0000000D  c_w.l(__rtentry2.o)
    0x080002c6   0x080002c6   0x00000002   Code   RO         5839    .ARM.Collect$$rtexit$$00000000  c_w.l(rtexit.o)
    0x080002c8   0x080002c8   0x00000000   Code   RO         5892    .ARM.Collect$$rtexit$$00000002  c_w.l(rtexit2.o)
    0x080002c8   0x080002c8   0x00000004   Code   RO         5893    .ARM.Collect$$rtexit$$00000003  c_w.l(rtexit2.o)
    0x080002cc   0x080002cc   0x00000006   Code   RO         5894    .ARM.Collect$$rtexit$$00000004  c_w.l(rtexit2.o)
    0x080002d2   0x080002d2   0x00000002   PAD
    0x080002d4   0x080002d4   0x00000040   Code   RO         5639    .text               startup_stm32f40_41xxx.o
    0x08000314   0x08000314   0x00000024   Code   RO         5645    .text               c_w.l(vsprintf.o)
    0x08000338   0x08000338   0x00000006   Code   RO         5647    .text               c_w.l(heapauxi.o)
    0x0800033e   0x0800033e   0x0000004e   Code   RO         5654    .text               c_w.l(_printf_pad.o)
    0x0800038c   0x0800038c   0x00000024   Code   RO         5656    .text               c_w.l(_printf_truncate.o)
    0x080003b0   0x080003b0   0x00000052   Code   RO         5658    .text               c_w.l(_printf_str.o)
    0x08000402   0x08000402   0x00000002   PAD
    0x08000404   0x08000404   0x00000078   Code   RO         5660    .text               c_w.l(_printf_dec.o)
    0x0800047c   0x0800047c   0x00000028   Code   RO         5662    .text               c_w.l(_printf_charcount.o)
    0x080004a4   0x080004a4   0x00000030   Code   RO         5664    .text               c_w.l(_printf_char_common.o)
    0x080004d4   0x080004d4   0x0000000a   Code   RO         5666    .text               c_w.l(_sputc.o)
    0x080004de   0x080004de   0x00000002   PAD
    0x080004e0   0x080004e0   0x000000bc   Code   RO         5668    .text               c_w.l(_printf_wctomb.o)
    0x0800059c   0x0800059c   0x0000007c   Code   RO         5671    .text               c_w.l(_printf_longlong_dec.o)
    0x08000618   0x08000618   0x00000070   Code   RO         5677    .text               c_w.l(_printf_oct_int_ll.o)
    0x08000688   0x08000688   0x00000094   Code   RO         5697    .text               c_w.l(_printf_hex_int_ll_ptr.o)
    0x0800071c   0x0800071c   0x00000188   Code   RO         5717    .text               c_w.l(__printf_flags_ss_wp.o)
    0x080008a4   0x080008a4   0x0000008a   Code   RO         5766    .text               c_w.l(lludiv10.o)
    0x0800092e   0x0800092e   0x000000b2   Code   RO         5768    .text               c_w.l(_printf_intcommon.o)
    0x080009e0   0x080009e0   0x0000041e   Code   RO         5770    .text               c_w.l(_printf_fp_dec.o)
    0x08000dfe   0x08000dfe   0x00000002   PAD
    0x08000e00   0x08000e00   0x000002fc   Code   RO         5772    .text               c_w.l(_printf_fp_hex.o)
    0x080010fc   0x080010fc   0x0000002c   Code   RO         5777    .text               c_w.l(_printf_char.o)
    0x08001128   0x08001128   0x0000002c   Code   RO         5779    .text               c_w.l(_printf_wchar.o)
    0x08001154   0x08001154   0x00000040   Code   RO         5782    .text               c_w.l(_wcrtomb.o)
    0x08001194   0x08001194   0x0000004a   Code   RO         5784    .text               c_w.l(sys_stackheap_outer.o)
    0x080011de   0x080011de   0x00000002   PAD
    0x080011e0   0x080011e0   0x00000010   Code   RO         5786    .text               c_w.l(rt_ctype_table.o)
    0x080011f0   0x080011f0   0x00000008   Code   RO         5791    .text               c_w.l(rt_locale_intlibspace.o)
    0x080011f8   0x080011f8   0x00000080   Code   RO         5793    .text               c_w.l(_printf_fp_infnan.o)
    0x08001278   0x08001278   0x000000e4   Code   RO         5795    .text               c_w.l(bigflt0.o)
    0x0800135c   0x0800135c   0x00000012   Code   RO         5823    .text               c_w.l(exit.o)
    0x0800136e   0x0800136e   0x00000002   PAD
    0x08001370   0x08001370   0x00000008   Code   RO         5836    .text               c_w.l(libspace.o)
    0x08001378   0x08001378   0x00000080   Code   RO         5844    .text               c_w.l(strcmpv7m.o)
    0x080013f8   0x080013f8   0x0000000c   Code   RO         5902    .text               c_w.l(sys_exit.o)
    0x08001404   0x08001404   0x00000002   Code   RO         5913    .text               c_w.l(use_no_semi.o)
    0x08001406   0x08001406   0x00000000   Code   RO         5915    .text               c_w.l(indicate_semi.o)
    0x08001406   0x08001406   0x0000003e   Code   RO         5798    CL$$btod_d2e        c_w.l(btod.o)
    0x08001444   0x08001444   0x00000046   Code   RO         5800    CL$$btod_d2e_denorm_low  c_w.l(btod.o)
    0x0800148a   0x0800148a   0x00000060   Code   RO         5799    CL$$btod_d2e_norm_op1  c_w.l(btod.o)
    0x080014ea   0x080014ea   0x00000338   Code   RO         5808    CL$$btod_div_common  c_w.l(btod.o)
    0x08001822   0x08001822   0x000000dc   Code   RO         5805    CL$$btod_e2e        c_w.l(btod.o)
    0x080018fe   0x080018fe   0x0000002a   Code   RO         5802    CL$$btod_ediv       c_w.l(btod.o)
    0x08001928   0x08001928   0x0000002a   Code   RO         5801    CL$$btod_emul       c_w.l(btod.o)
    0x08001952   0x08001952   0x00000244   Code   RO         5807    CL$$btod_mult_common  c_w.l(btod.o)
    0x08001b96   0x08001b96   0x00000004   Code   RO          236    i.BusFault_Handler  stm32f4xx_it.o
    0x08001b9a   0x08001b9a   0x00000002   Code   RO          237    i.DebugMon_Handler  stm32f4xx_it.o
    0x08001b9c   0x08001b9c   0x00000090   Code   RO         2680    i.GPIO_Init         stm32f4xx_gpio.o
    0x08001c2c   0x08001c2c   0x00000046   Code   RO         2681    i.GPIO_PinAFConfig  stm32f4xx_gpio.o
    0x08001c72   0x08001c72   0x0000000a   Code   RO         2692    i.GPIO_WriteBit     stm32f4xx_gpio.o
    0x08001c7c   0x08001c7c   0x00000004   Code   RO          238    i.HardFault_Handler  stm32f4xx_it.o
    0x08001c80   0x08001c80   0x00000030   Code   RO          311    i.M4_Gpio_Init      gpio.o
    0x08001cb0   0x08001cb0   0x00000028   Code   RO          679    i.M4_Pwm_Init       pwm.o
    0x08001cd8   0x08001cd8   0x00000024   Code   RO          587    i.M4_Rcc_Init       rcc.o
    0x08001cfc   0x08001cfc   0x000000a8   Code   RO          611    i.M4_Usart_Init     uart.o
    0x08001da4   0x08001da4   0x00000004   Code   RO          239    i.MemManage_Handler  stm32f4xx_it.o
    0x08001da8   0x08001da8   0x00000002   Code   RO          240    i.NMI_Handler       stm32f4xx_it.o
    0x08001daa   0x08001daa   0x00000002   PAD
    0x08001dac   0x08001dac   0x00000028   Code   RO          312    i.PA_AF_Config      gpio.o
    0x08001dd4   0x08001dd4   0x00000178   Code   RO          313    i.PA_Init           gpio.o
    0x08001f4c   0x08001f4c   0x00000080   Code   RO          314    i.PB_AF_Config      gpio.o
    0x08001fcc   0x08001fcc   0x000001c8   Code   RO          315    i.PB_Init           gpio.o
    0x08002194   0x08002194   0x00000030   Code   RO          316    i.PC_AF_Config      gpio.o
    0x080021c4   0x080021c4   0x0000017c   Code   RO          317    i.PC_Init           gpio.o
    0x08002340   0x08002340   0x00000002   Code   RO          318    i.PD_AF_Config      gpio.o
    0x08002342   0x08002342   0x00000002   PAD
    0x08002344   0x08002344   0x000001ec   Code   RO          319    i.PD_Init           gpio.o
    0x08002530   0x08002530   0x00000030   Code   RO          320    i.PE_AF_Config      gpio.o
    0x08002560   0x08002560   0x000001b4   Code   RO          321    i.PE_Init           gpio.o
    0x08002714   0x08002714   0x00000002   Code   RO          241    i.PendSV_Handler    stm32f4xx_it.o
    0x08002716   0x08002716   0x00000002   PAD
    0x08002718   0x08002718   0x000000b8   Code   RO          775    i.PrintMenu         menu.o
    0x080027d0   0x080027d0   0x00000020   Code   RO         3606    i.RCC_AHB1PeriphClockCmd  stm32f4xx_rcc.o
    0x080027f0   0x080027f0   0x00000020   Code   RO         3615    i.RCC_APB1PeriphClockCmd  stm32f4xx_rcc.o
    0x08002810   0x08002810   0x000000e8   Code   RO         3627    i.RCC_GetClocksFreq  stm32f4xx_rcc.o
    0x080028f8   0x080028f8   0x00000002   Code   RO          242    i.SVC_Handler       stm32f4xx_it.o
    0x080028fa   0x080028fa   0x00000002   PAD
    0x080028fc   0x080028fc   0x000000ec   Code   RO            4    i.SetSysClock       system_stm32f4xx.o
    0x080029e8   0x080029e8   0x00000008   Code   RO          243    i.SysTick_Handler   stm32f4xx_it.o
    0x080029f0   0x080029f0   0x00000068   Code   RO            6    i.SystemInit        system_stm32f4xx.o
    0x08002a58   0x08002a58   0x000000b8   Code   RO          776    i.System_Information  menu.o
    0x08002b10   0x08002b10   0x00000014   Code   RO          152    i.System_Init       main.o
    0x08002b24   0x08002b24   0x0000001c   Code   RO          398    i.TIM1_BRK_TIM9_IRQHandler  timer.o
    0x08002b40   0x08002b40   0x0000001c   Code   RO          399    i.TIM1_CC_IRQHandler  timer.o
    0x08002b5c   0x08002b5c   0x0000001c   Code   RO          401    i.TIM1_TRG_COM_TIM11_IRQHandler  timer.o
    0x08002b78   0x08002b78   0x0000001c   Code   RO          402    i.TIM1_UP_TIM10_IRQHandler  timer.o
    0x08002b94   0x08002b94   0x00000016   Code   RO          404    i.TIM2_IRQHandler   timer.o
    0x08002baa   0x08002baa   0x00000002   PAD
    0x08002bac   0x08002bac   0x0000001c   Code   RO          406    i.TIM3_IRQHandler   timer.o
    0x08002bc8   0x08002bc8   0x000000b0   Code   RO          687    i.TIM3_PWM_Configuration  pwm.o
    0x08002c78   0x08002c78   0x0000001c   Code   RO          408    i.TIM4_IRQHandler   timer.o
    0x08002c94   0x08002c94   0x00000024   Code   RO          410    i.TIM5_IRQHandler   timer.o
    0x08002cb8   0x08002cb8   0x0000001c   Code   RO          412    i.TIM6_DAC_IRQHandler  timer.o
    0x08002cd4   0x08002cd4   0x0000001c   Code   RO          414    i.TIM7_IRQHandler   timer.o
    0x08002cf0   0x08002cf0   0x00000020   Code   RO          415    i.TIM8_BRK_TIM12_IRQHandler  timer.o
    0x08002d10   0x08002d10   0x0000001c   Code   RO          416    i.TIM8_CC_IRQHandler  timer.o
    0x08002d2c   0x08002d2c   0x00000010   Code   RO          418    i.TIM8_TRG_COM_TIM14_IRQHandler  timer.o
    0x08002d3c   0x08002d3c   0x0000001c   Code   RO          419    i.TIM8_UP_TIM13_IRQHandler  timer.o
    0x08002d58   0x08002d58   0x00000018   Code   RO         4819    i.TIM_ARRPreloadConfig  stm32f4xx_tim.o
    0x08002d70   0x08002d70   0x00000006   Code   RO         4826    i.TIM_ClearITPendingBit  stm32f4xx_tim.o
    0x08002d76   0x08002d76   0x00000018   Code   RO         4831    i.TIM_Cmd           stm32f4xx_tim.o
    0x08002d8e   0x08002d8e   0x00000022   Code   RO         4852    i.TIM_GetITStatus   stm32f4xx_tim.o
    0x08002db0   0x08002db0   0x0000007c   Code   RO         4860    i.TIM_OC1Init       stm32f4xx_tim.o
    0x08002e2c   0x08002e2c   0x00000012   Code   RO         4863    i.TIM_OC1PreloadConfig  stm32f4xx_tim.o
    0x08002e3e   0x08002e3e   0x00000002   PAD
    0x08002e40   0x08002e40   0x00000084   Code   RO         4903    i.TIM_TimeBaseInit  stm32f4xx_tim.o
    0x08002ec4   0x08002ec4   0x00000018   Code   RO          153    i.TimingDelay_Decrement  main.o
    0x08002edc   0x08002edc   0x00000028   Code   RO          612    i.TxPrintf          uart.o
    0x08002f04   0x08002f04   0x00000024   Code   RO          614    i.UART4_SendData    uart.o
    0x08002f28   0x08002f28   0x00000022   Code   RO          615    i.UART4_SendString  uart.o
    0x08002f4a   0x08002f4a   0x00000018   Code   RO         5385    i.USART_Cmd         stm32f4xx_usart.o
    0x08002f62   0x08002f62   0x0000001a   Code   RO         5388    i.USART_GetFlagStatus  stm32f4xx_usart.o
    0x08002f7c   0x08002f7c   0x000000d4   Code   RO         5392    i.USART_Init        stm32f4xx_usart.o
    0x08003050   0x08003050   0x00000004   Code   RO          244    i.UsageFault_Handler  stm32f4xx_it.o
    0x08003054   0x08003054   0x00000002   Code   RO          154    i.Variable_Init     main.o
    0x08003056   0x08003056   0x00000030   Code   RO         5834    i.__ARM_fpclassify  m_wm.l(fpclassify.o)
    0x08003086   0x08003086   0x0000000e   Code   RO         5710    i._is_digit         c_w.l(__printf_wp.o)
    0x08003094   0x08003094   0x000000b0   Code   RO          155    i.main              main.o
    0x08003144   0x08003144   0x0000002c   Code   RO         5821    locale$$code        c_w.l(lc_numeric_c.o)
    0x08003170   0x08003170   0x0000002c   Code   RO         5842    locale$$code        c_w.l(lc_ctype_c.o)
    0x0800319c   0x0800319c   0x0000000a   Code   RO         5900    x$fpl$fpinit        fz_wm.l(fpinit.o)
    0x080031a6   0x080031a6   0x00000004   Code   RO         5743    x$fpl$printf1       fz_wm.l(printf1.o)
    0x080031aa   0x080031aa   0x00000004   Code   RO         5745    x$fpl$printf2       fz_wm.l(printf2.o)
    0x080031ae   0x080031ae   0x00000000   Code   RO         5833    x$fpl$usenofp       fz_wm.l(usenofp.o)
    0x080031ae   0x080031ae   0x00000002   PAD
    0x080031b0   0x080031b0   0x00000008   Data   RO         5669    .constdata          c_w.l(_printf_wctomb.o)
    0x080031b8   0x080031b8   0x00000028   Data   RO         5698    .constdata          c_w.l(_printf_hex_int_ll_ptr.o)
    0x080031e0   0x080031e0   0x00000011   Data   RO         5718    .constdata          c_w.l(__printf_flags_ss_wp.o)
    0x080031f1   0x080031f1   0x00000026   Data   RO         5773    .constdata          c_w.l(_printf_fp_hex.o)
    0x08003217   0x08003217   0x00000001   PAD
    0x08003218   0x08003218   0x00000094   Data   RO         5796    .constdata          c_w.l(bigflt0.o)
    0x080032ac   0x080032ac   0x00000020   Data   RO         5968    Region$$Table       anon$$obj.o
    0x080032cc   0x080032cc   0x0000001c   Data   RO         5820    locale$$data        c_w.l(lc_numeric_c.o)
    0x080032e8   0x080032e8   0x00000110   Data   RO         5841    locale$$data        c_w.l(lc_ctype_c.o)


    Execution Region RW_IRAM1 (Exec base: 0x20000000, Load base: 0x080033f8, Size: 0x00000700, Max: 0x00020000, ABSOLUTE)

    Exec Addr    Load Addr    Size         Type   Attr      Idx    E Section Name        Object

    0x20000000   0x080033f8   0x00000008   Data   RW          157    .data               main.o
    0x20000008   0x08003400   0x00000001   Data   RW          421    .data               timer.o
    0x20000009   0x08003401   0x00000010   Data   RW         3659    .data               stm32f4xx_rcc.o
    0x20000019   0x08003411   0x00000003   PAD
    0x2000001c        -       0x00000080   Zero   RW          619    .bss                uart.o
    0x2000009c        -       0x00000060   Zero   RW         5837    .bss                c_w.l(libspace.o)
    0x200000fc   0x08003411   0x00000004   PAD
    0x20000100        -       0x00000200   Zero   RW         5637    HEAP                startup_stm32f40_41xxx.o
    0x20000300        -       0x00000400   Zero   RW         5636    STACK               startup_stm32f40_41xxx.o


==============================================================================

Image component sizes


      Code (inc. data)   RO Data    RW Data    ZI Data      Debug   Object Name

      2454         44          0          0          0       6971   gpio.o
       222         22          0          8          0       2627   main.o
       368        266          0          0          0       1005   menu.o
       216         36          0          0          0       1199   pwm.o
        36         26          0          0          0        470   rcc.o
        64         26        392          0       1536        844   startup_stm32f40_41xxx.o
       224          0          0          0          0       2539   stm32f4xx_gpio.o
        32          0          0          0          0       4270   stm32f4xx_it.o
       296         30          0         16          0       4258   stm32f4xx_rcc.o
       362         38          0          0          0       5315   stm32f4xx_tim.o
       262          8          0          0          0       2883   stm32f4xx_usart.o
       340         32          0          0          0     291249   system_stm32f4xx.o
       386         82          0          1          0       7255   timer.o
       278         44          0          0        128       2823   uart.o

    ----------------------------------------------------------------------
      5552        654        424         28       1664     333708   Object Totals
         0          0         32          0          0          0   (incl. Generated)
        12          0          0          3          0          0   (incl. Padding)

    ----------------------------------------------------------------------

      Code (inc. data)   RO Data    RW Data    ZI Data      Debug   Library Member Name

         8          0          0          0          0         68   __main.o
       392          4         17          0          0         92   __printf_flags_ss_wp.o
        14          0          0          0          0         68   __printf_wp.o
         0          0          0          0          0          0   __rtentry.o
        12          0          0          0          0          0   __rtentry2.o
         6          0          0          0          0          0   __rtentry4.o
        52          8          0          0          0          0   __scatter.o
        26          0          0          0          0          0   __scatter_copy.o
        28          0          0          0          0          0   __scatter_zi.o
         6          0          0          0          0          0   _printf_a.o
         6          0          0          0          0          0   _printf_c.o
        44          0          0          0          0        108   _printf_char.o
        48          6          0          0          0         96   _printf_char_common.o
        40          0          0          0          0         68   _printf_charcount.o
         6          0          0          0          0          0   _printf_d.o
       120         16          0          0          0         92   _printf_dec.o
         6          0          0          0          0          0   _printf_e.o
         6          0          0          0          0          0   _printf_f.o
      1054          0          0          0          0        216   _printf_fp_dec.o
       764          8         38          0          0        100   _printf_fp_hex.o
       128         16          0          0          0         84   _printf_fp_infnan.o
         6          0          0          0          0          0   _printf_g.o
       148          4         40          0          0        160   _printf_hex_int_ll_ptr.o
         6          0          0          0          0          0   _printf_i.o
       178          0          0          0          0         88   _printf_intcommon.o
        10          0          0          0          0          0   _printf_l.o
         6          0          0          0          0          0   _printf_lc.o
        10          0          0          0          0          0   _printf_ll.o
         6          0          0          0          0          0   _printf_lld.o
         6          0          0          0          0          0   _printf_lli.o
         6          0          0          0          0          0   _printf_llo.o
         6          0          0          0          0          0   _printf_llu.o
         6          0          0          0          0          0   _printf_llx.o
       124         16          0          0          0         92   _printf_longlong_dec.o
         6          0          0          0          0          0   _printf_ls.o
         6          0          0          0          0          0   _printf_n.o
         6          0          0          0          0          0   _printf_o.o
       112         10          0          0          0        124   _printf_oct_int_ll.o
         6          0          0          0          0          0   _printf_p.o
        78          0          0          0          0        108   _printf_pad.o
         0          0          0          0          0          0   _printf_percent.o
         4          0          0          0          0          0   _printf_percent_end.o
         6          0          0          0          0          0   _printf_s.o
        82          0          0          0          0         80   _printf_str.o
        36          0          0          0          0         84   _printf_truncate.o
         6          0          0          0          0          0   _printf_u.o
        44          0          0          0          0        108   _printf_wchar.o
       188          6          8          0          0         92   _printf_wctomb.o
         6          0          0          0          0          0   _printf_x.o
        10          0          0          0          0         68   _sputc.o
        64          0          0          0          0         92   _wcrtomb.o
       228          4        148          0          0         96   bigflt0.o
      1936        128          0          0          0        672   btod.o
        18          0          0          0          0         80   exit.o
         6          0          0          0          0        152   heapauxi.o
         0          0          0          0          0          0   indicate_semi.o
        44         10        272          0          0         76   lc_ctype_c.o
        44         10         28          0          0         76   lc_numeric_c.o
         2          0          0          0          0          0   libinit.o
        34          0          0          0          0          0   libinit2.o
         2          0          0          0          0          0   libshutdown.o
         2          0          0          0          0          0   libshutdown2.o
         8          4          0          0         96         68   libspace.o
       138          0          0          0          0         80   lludiv10.o
        16          4          0          0          0         76   rt_ctype_table.o
         8          4          0          0          0         68   rt_locale_intlibspace.o
         2          0          0          0          0          0   rtexit.o
        10          0          0          0          0          0   rtexit2.o
       128          0          0          0          0         68   strcmpv7m.o
        12          4          0          0          0         68   sys_exit.o
        74          0          0          0          0         80   sys_stackheap_outer.o
         2          0          0          0          0         68   use_no_semi.o
        36          4          0          0          0         76   vsprintf.o
        10          0          0          0          0        116   fpinit.o
         4          0          0          0          0        116   printf1.o
         4          0          0          0          0        116   printf2.o
         0          0          0          0          0          0   usenofp.o
        48          0          0          0          0        124   fpclassify.o

    ----------------------------------------------------------------------
      6776        266        552          0        100       4364   Library Totals
        16          0          1          0          4          0   (incl. Padding)

    ----------------------------------------------------------------------

      Code (inc. data)   RO Data    RW Data    ZI Data      Debug   Library Name

      6694        266        551          0         96       3892   c_w.l
        18          0          0          0          0        348   fz_wm.l
        48          0          0          0          0        124   m_wm.l

    ----------------------------------------------------------------------
      6776        266        552          0        100       4364   Library Totals

    ----------------------------------------------------------------------

==============================================================================


      Code (inc. data)   RO Data    RW Data    ZI Data      Debug   

     12328        920        976         28       1764     329692   Grand Totals
     12328        920        976         28       1764     329692   ELF Image Totals
     12328        920        976         28          0          0   ROM Totals

==============================================================================

    Total RO  Size (Code + RO Data)                13304 (  12.99kB)
    Total RW  Size (RW Data + ZI Data)              1792 (   1.75kB)
    Total ROM Size (Code + RO Data + RW Data)      13332 (  13.02kB)

==============================================================================

